============== file: src/main/java/com/google/gcloud/pubsub/v1/stub/GrpcLibraryServiceStub.java ==============
/*
 * Copyright 2017, Google Inc. All rights reserved.
 *
 * Licensed under the Apache License, Version 2.0 (the "License");
 * you may not use this file except in compliance with the License.
 * You may obtain a copy of the License at
 *
 *     http://www.apache.org/licenses/LICENSE-2.0
 *
 * Unless required by applicable law or agreed to in writing, software
 * distributed under the License is distributed on an "AS IS" BASIS,
 * WITHOUT WARRANTIES OR CONDITIONS OF ANY KIND, either express or implied.
 * See the License for the specific language governing permissions and
 * limitations under the License.
 */
package com.google.gcloud.pubsub.v1.stub;

import com.google.api.core.BetaApi;
import com.google.api.gax.core.BackgroundResource;
import com.google.api.gax.core.BackgroundResourceAggregation;
import com.google.api.gax.grpc.GrpcCallableFactory;
import com.google.api.gax.grpc.OperationFuture;
import com.google.api.gax.rpc.BidiStreamingCallable;
import com.google.api.gax.rpc.ClientContext;
import com.google.api.gax.rpc.ClientStreamingCallable;
import com.google.api.gax.rpc.OperationCallable;
import com.google.api.gax.rpc.ServerStreamingCallable;
import com.google.api.gax.rpc.UnaryCallable;
import com.google.api.resourcenames.ResourceName;
import com.google.example.library.v1.AddCommentsRequest;
import com.google.example.library.v1.ArchivedBookName;
import com.google.example.library.v1.Book;
import com.google.example.library.v1.BookFromAnywhere;
import com.google.example.library.v1.BookFromArchive;
import com.google.example.library.v1.BookName;
import com.google.example.library.v1.BookNameOneof;
import com.google.example.library.v1.Comment;
import com.google.example.library.v1.CreateBookRequest;
import com.google.example.library.v1.CreateShelfRequest;
import com.google.example.library.v1.DeleteBookRequest;
import com.google.example.library.v1.DeleteShelfRequest;
import com.google.example.library.v1.DiscussBookRequest;
import com.google.example.library.v1.FindRelatedBooksRequest;
import com.google.example.library.v1.FindRelatedBooksResponse;
import com.google.example.library.v1.GetBigBookMetadata;
import com.google.example.library.v1.GetBookFromAbsolutelyAnywhereRequest;
import com.google.example.library.v1.GetBookFromAnywhereRequest;
import com.google.example.library.v1.GetBookFromArchiveRequest;
import com.google.example.library.v1.GetBookRequest;
import com.google.example.library.v1.GetShelfRequest;
import com.google.example.library.v1.ListBooksRequest;
import com.google.example.library.v1.ListBooksResponse;
import com.google.example.library.v1.ListShelvesRequest;
import com.google.example.library.v1.ListShelvesResponse;
import com.google.example.library.v1.ListStringsRequest;
import com.google.example.library.v1.ListStringsResponse;
import com.google.example.library.v1.MergeShelvesRequest;
import com.google.example.library.v1.MoveBookRequest;
import com.google.example.library.v1.PublishSeriesRequest;
import com.google.example.library.v1.PublishSeriesResponse;
import com.google.example.library.v1.SeriesUuid;
import com.google.example.library.v1.Shelf;
import com.google.example.library.v1.ShelfName;
import com.google.example.library.v1.SomeMessage;
import com.google.example.library.v1.StreamBooksRequest;
import com.google.example.library.v1.StreamShelvesRequest;
import com.google.example.library.v1.StreamShelvesResponse;
import com.google.example.library.v1.TestOptionalRequiredFlatteningParamsRequest;
import com.google.example.library.v1.TestOptionalRequiredFlatteningParamsRequest.InnerEnum;
import com.google.example.library.v1.TestOptionalRequiredFlatteningParamsRequest.InnerMessage;
import com.google.example.library.v1.TestOptionalRequiredFlatteningParamsResponse;
import com.google.example.library.v1.UpdateBookIndexRequest;
import com.google.example.library.v1.UpdateBookRequest;
import com.google.gcloud.pubsub.v1.LibrarySettings;
import static com.google.gcloud.pubsub.v1.PagedResponseWrappers.FindRelatedBooksPagedResponse;
import static com.google.gcloud.pubsub.v1.PagedResponseWrappers.ListBooksPagedResponse;
import static com.google.gcloud.pubsub.v1.PagedResponseWrappers.ListShelvesPagedResponse;
import static com.google.gcloud.pubsub.v1.PagedResponseWrappers.ListStringsPagedResponse;
import com.google.longrunning.Operation;
import com.google.longrunning.stub.GrpcOperationsStub;
import com.google.protobuf.ByteString;
import com.google.protobuf.Empty;
import com.google.protobuf.FieldMask;
import com.google.tagger.v1.AddLabelRequest;
import com.google.tagger.v1.AddLabelResponse;
import com.google.tagger.v1.AddTagRequest;
import com.google.tagger.v1.AddTagResponse;
import java.io.IOException;
import java.util.ArrayList;
import java.util.List;
import java.util.Map;
import java.util.concurrent.TimeUnit;
import javax.annotation.Generated;

// AUTO-GENERATED DOCUMENTATION AND CLASS
/**
 * gRPC stub implementation for Google Example Library API.
 *
 * <p>This class is for advanced usage and reflects the underlying API directly.
 */
@Generated("by GAPIC v0.0.5")
public class GrpcLibraryServiceStub extends LibraryServiceStub {
  private static final UnaryCallable<CreateShelfRequest, Shelf> directCreateShelfCallable =
      GrpcCallableFactory.createDirectCallable(
          io.grpc.MethodDescriptor.create(
              io.grpc.MethodDescriptor.MethodType.UNARY,
              "google.example.library.v1.LibraryService/CreateShelf",
              io.grpc.protobuf.ProtoUtils.marshaller(CreateShelfRequest.getDefaultInstance()),
              io.grpc.protobuf.ProtoUtils.marshaller(Shelf.getDefaultInstance())));
  private static final UnaryCallable<GetShelfRequest, Shelf> directGetShelfCallable =
      GrpcCallableFactory.createDirectCallable(
          io.grpc.MethodDescriptor.create(
              io.grpc.MethodDescriptor.MethodType.UNARY,
              "google.example.library.v1.LibraryService/GetShelf",
              io.grpc.protobuf.ProtoUtils.marshaller(GetShelfRequest.getDefaultInstance()),
              io.grpc.protobuf.ProtoUtils.marshaller(Shelf.getDefaultInstance())));
  private static final UnaryCallable<ListShelvesRequest, ListShelvesResponse> directListShelvesCallable =
      GrpcCallableFactory.createDirectCallable(
          io.grpc.MethodDescriptor.create(
              io.grpc.MethodDescriptor.MethodType.UNARY,
              "google.example.library.v1.LibraryService/ListShelves",
              io.grpc.protobuf.ProtoUtils.marshaller(ListShelvesRequest.getDefaultInstance()),
              io.grpc.protobuf.ProtoUtils.marshaller(ListShelvesResponse.getDefaultInstance())));
  private static final UnaryCallable<DeleteShelfRequest, Empty> directDeleteShelfCallable =
      GrpcCallableFactory.createDirectCallable(
          io.grpc.MethodDescriptor.create(
              io.grpc.MethodDescriptor.MethodType.UNARY,
              "google.example.library.v1.LibraryService/DeleteShelf",
              io.grpc.protobuf.ProtoUtils.marshaller(DeleteShelfRequest.getDefaultInstance()),
              io.grpc.protobuf.ProtoUtils.marshaller(Empty.getDefaultInstance())));
  private static final UnaryCallable<MergeShelvesRequest, Shelf> directMergeShelvesCallable =
      GrpcCallableFactory.createDirectCallable(
          io.grpc.MethodDescriptor.create(
              io.grpc.MethodDescriptor.MethodType.UNARY,
              "google.example.library.v1.LibraryService/MergeShelves",
              io.grpc.protobuf.ProtoUtils.marshaller(MergeShelvesRequest.getDefaultInstance()),
              io.grpc.protobuf.ProtoUtils.marshaller(Shelf.getDefaultInstance())));
  private static final UnaryCallable<CreateBookRequest, Book> directCreateBookCallable =
      GrpcCallableFactory.createDirectCallable(
          io.grpc.MethodDescriptor.create(
              io.grpc.MethodDescriptor.MethodType.UNARY,
              "google.example.library.v1.LibraryService/CreateBook",
              io.grpc.protobuf.ProtoUtils.marshaller(CreateBookRequest.getDefaultInstance()),
              io.grpc.protobuf.ProtoUtils.marshaller(Book.getDefaultInstance())));
  private static final UnaryCallable<PublishSeriesRequest, PublishSeriesResponse> directPublishSeriesCallable =
      GrpcCallableFactory.createDirectCallable(
          io.grpc.MethodDescriptor.create(
              io.grpc.MethodDescriptor.MethodType.UNARY,
              "google.example.library.v1.LibraryService/PublishSeries",
              io.grpc.protobuf.ProtoUtils.marshaller(PublishSeriesRequest.getDefaultInstance()),
              io.grpc.protobuf.ProtoUtils.marshaller(PublishSeriesResponse.getDefaultInstance())));
  private static final UnaryCallable<GetBookRequest, Book> directGetBookCallable =
      GrpcCallableFactory.createDirectCallable(
          io.grpc.MethodDescriptor.create(
              io.grpc.MethodDescriptor.MethodType.UNARY,
              "google.example.library.v1.LibraryService/GetBook",
              io.grpc.protobuf.ProtoUtils.marshaller(GetBookRequest.getDefaultInstance()),
              io.grpc.protobuf.ProtoUtils.marshaller(Book.getDefaultInstance())));
  private static final UnaryCallable<ListBooksRequest, ListBooksResponse> directListBooksCallable =
      GrpcCallableFactory.createDirectCallable(
          io.grpc.MethodDescriptor.create(
              io.grpc.MethodDescriptor.MethodType.UNARY,
              "google.example.library.v1.LibraryService/ListBooks",
              io.grpc.protobuf.ProtoUtils.marshaller(ListBooksRequest.getDefaultInstance()),
              io.grpc.protobuf.ProtoUtils.marshaller(ListBooksResponse.getDefaultInstance())));
  private static final UnaryCallable<DeleteBookRequest, Empty> directDeleteBookCallable =
      GrpcCallableFactory.createDirectCallable(
          io.grpc.MethodDescriptor.create(
              io.grpc.MethodDescriptor.MethodType.UNARY,
              "google.example.library.v1.LibraryService/DeleteBook",
              io.grpc.protobuf.ProtoUtils.marshaller(DeleteBookRequest.getDefaultInstance()),
              io.grpc.protobuf.ProtoUtils.marshaller(Empty.getDefaultInstance())));
  private static final UnaryCallable<UpdateBookRequest, Book> directUpdateBookCallable =
      GrpcCallableFactory.createDirectCallable(
          io.grpc.MethodDescriptor.create(
              io.grpc.MethodDescriptor.MethodType.UNARY,
              "google.example.library.v1.LibraryService/UpdateBook",
              io.grpc.protobuf.ProtoUtils.marshaller(UpdateBookRequest.getDefaultInstance()),
              io.grpc.protobuf.ProtoUtils.marshaller(Book.getDefaultInstance())));
  private static final UnaryCallable<MoveBookRequest, Book> directMoveBookCallable =
      GrpcCallableFactory.createDirectCallable(
          io.grpc.MethodDescriptor.create(
              io.grpc.MethodDescriptor.MethodType.UNARY,
              "google.example.library.v1.LibraryService/MoveBook",
              io.grpc.protobuf.ProtoUtils.marshaller(MoveBookRequest.getDefaultInstance()),
              io.grpc.protobuf.ProtoUtils.marshaller(Book.getDefaultInstance())));
  private static final UnaryCallable<ListStringsRequest, ListStringsResponse> directListStringsCallable =
      GrpcCallableFactory.createDirectCallable(
          io.grpc.MethodDescriptor.create(
              io.grpc.MethodDescriptor.MethodType.UNARY,
              "google.example.library.v1.LibraryService/ListStrings",
              io.grpc.protobuf.ProtoUtils.marshaller(ListStringsRequest.getDefaultInstance()),
              io.grpc.protobuf.ProtoUtils.marshaller(ListStringsResponse.getDefaultInstance())));
  private static final UnaryCallable<AddCommentsRequest, Empty> directAddCommentsCallable =
      GrpcCallableFactory.createDirectCallable(
          io.grpc.MethodDescriptor.create(
              io.grpc.MethodDescriptor.MethodType.UNARY,
              "google.example.library.v1.LibraryService/AddComments",
              io.grpc.protobuf.ProtoUtils.marshaller(AddCommentsRequest.getDefaultInstance()),
              io.grpc.protobuf.ProtoUtils.marshaller(Empty.getDefaultInstance())));
  private static final UnaryCallable<GetBookFromArchiveRequest, BookFromArchive> directGetBookFromArchiveCallable =
      GrpcCallableFactory.createDirectCallable(
          io.grpc.MethodDescriptor.create(
              io.grpc.MethodDescriptor.MethodType.UNARY,
              "google.example.library.v1.LibraryService/GetBookFromArchive",
              io.grpc.protobuf.ProtoUtils.marshaller(GetBookFromArchiveRequest.getDefaultInstance()),
              io.grpc.protobuf.ProtoUtils.marshaller(BookFromArchive.getDefaultInstance())));
  private static final UnaryCallable<GetBookFromAnywhereRequest, BookFromAnywhere> directGetBookFromAnywhereCallable =
      GrpcCallableFactory.createDirectCallable(
          io.grpc.MethodDescriptor.create(
              io.grpc.MethodDescriptor.MethodType.UNARY,
              "google.example.library.v1.LibraryService/GetBookFromAnywhere",
              io.grpc.protobuf.ProtoUtils.marshaller(GetBookFromAnywhereRequest.getDefaultInstance()),
              io.grpc.protobuf.ProtoUtils.marshaller(BookFromAnywhere.getDefaultInstance())));
  private static final UnaryCallable<GetBookFromAbsolutelyAnywhereRequest, BookFromAnywhere> directGetBookFromAbsolutelyAnywhereCallable =
      GrpcCallableFactory.createDirectCallable(
          io.grpc.MethodDescriptor.create(
              io.grpc.MethodDescriptor.MethodType.UNARY,
              "google.example.library.v1.LibraryService/GetBookFromAbsolutelyAnywhere",
              io.grpc.protobuf.ProtoUtils.marshaller(GetBookFromAbsolutelyAnywhereRequest.getDefaultInstance()),
              io.grpc.protobuf.ProtoUtils.marshaller(BookFromAnywhere.getDefaultInstance())));
  private static final UnaryCallable<UpdateBookIndexRequest, Empty> directUpdateBookIndexCallable =
      GrpcCallableFactory.createDirectCallable(
          io.grpc.MethodDescriptor.create(
              io.grpc.MethodDescriptor.MethodType.UNARY,
              "google.example.library.v1.LibraryService/UpdateBookIndex",
              io.grpc.protobuf.ProtoUtils.marshaller(UpdateBookIndexRequest.getDefaultInstance()),
              io.grpc.protobuf.ProtoUtils.marshaller(Empty.getDefaultInstance())));
  private static final ServerStreamingCallable<StreamShelvesRequest, StreamShelvesResponse> directStreamShelvesCallable =
      GrpcCallableFactory.createDirectServerStreamingCallable(
          io.grpc.MethodDescriptor.create(
              io.grpc.MethodDescriptor.MethodType.SERVER_STREAMING,
              "google.example.library.v1.LibraryService/StreamShelves",
              io.grpc.protobuf.ProtoUtils.marshaller(StreamShelvesRequest.getDefaultInstance()),
              io.grpc.protobuf.ProtoUtils.marshaller(StreamShelvesResponse.getDefaultInstance())));
  private static final ServerStreamingCallable<StreamBooksRequest, Book> directStreamBooksCallable =
      GrpcCallableFactory.createDirectServerStreamingCallable(
          io.grpc.MethodDescriptor.create(
              io.grpc.MethodDescriptor.MethodType.SERVER_STREAMING,
              "google.example.library.v1.LibraryService/StreamBooks",
              io.grpc.protobuf.ProtoUtils.marshaller(StreamBooksRequest.getDefaultInstance()),
              io.grpc.protobuf.ProtoUtils.marshaller(Book.getDefaultInstance())));
  private static final BidiStreamingCallable<DiscussBookRequest, Comment> directDiscussBookCallable =
      GrpcCallableFactory.createDirectBidiStreamingCallable(
          io.grpc.MethodDescriptor.create(
              io.grpc.MethodDescriptor.MethodType.BIDI_STREAMING,
              "google.example.library.v1.LibraryService/DiscussBook",
              io.grpc.protobuf.ProtoUtils.marshaller(DiscussBookRequest.getDefaultInstance()),
              io.grpc.protobuf.ProtoUtils.marshaller(Comment.getDefaultInstance())));
  private static final ClientStreamingCallable<DiscussBookRequest, Comment> directMonologAboutBookCallable =
      GrpcCallableFactory.createDirectClientStreamingCallable(
          io.grpc.MethodDescriptor.create(
              io.grpc.MethodDescriptor.MethodType.CLIENT_STREAMING,
              "google.example.library.v1.LibraryService/MonologAboutBook",
              io.grpc.protobuf.ProtoUtils.marshaller(DiscussBookRequest.getDefaultInstance()),
              io.grpc.protobuf.ProtoUtils.marshaller(Comment.getDefaultInstance())));
  private static final UnaryCallable<FindRelatedBooksRequest, FindRelatedBooksResponse> directFindRelatedBooksCallable =
      GrpcCallableFactory.createDirectCallable(
          io.grpc.MethodDescriptor.create(
              io.grpc.MethodDescriptor.MethodType.UNARY,
              "google.example.library.v1.LibraryService/FindRelatedBooks",
              io.grpc.protobuf.ProtoUtils.marshaller(FindRelatedBooksRequest.getDefaultInstance()),
              io.grpc.protobuf.ProtoUtils.marshaller(FindRelatedBooksResponse.getDefaultInstance())));
  private static final UnaryCallable<AddTagRequest, AddTagResponse> directAddTagCallable =
      GrpcCallableFactory.createDirectCallable(
          io.grpc.MethodDescriptor.create(
              io.grpc.MethodDescriptor.MethodType.UNARY,
              "google.example.library.v1.LibraryService/AddTag",
              io.grpc.protobuf.ProtoUtils.marshaller(AddTagRequest.getDefaultInstance()),
              io.grpc.protobuf.ProtoUtils.marshaller(AddTagResponse.getDefaultInstance())));
  private static final UnaryCallable<AddLabelRequest, AddLabelResponse> directAddLabelCallable =
      GrpcCallableFactory.createDirectCallable(
          io.grpc.MethodDescriptor.create(
              io.grpc.MethodDescriptor.MethodType.UNARY,
              "google.tagger.v1.Labeler/AddLabel",
              io.grpc.protobuf.ProtoUtils.marshaller(AddLabelRequest.getDefaultInstance()),
              io.grpc.protobuf.ProtoUtils.marshaller(AddLabelResponse.getDefaultInstance())));
  private static final UnaryCallable<GetBookRequest, Operation> directGetBigBookCallable =
      GrpcCallableFactory.createDirectCallable(
          io.grpc.MethodDescriptor.create(
              io.grpc.MethodDescriptor.MethodType.UNARY,
              "google.example.library.v1.LibraryService/GetBigBook",
              io.grpc.protobuf.ProtoUtils.marshaller(GetBookRequest.getDefaultInstance()),
              io.grpc.protobuf.ProtoUtils.marshaller(Operation.getDefaultInstance())));
  private static final UnaryCallable<GetBookRequest, Operation> directGetBigNothingCallable =
      GrpcCallableFactory.createDirectCallable(
          io.grpc.MethodDescriptor.create(
              io.grpc.MethodDescriptor.MethodType.UNARY,
              "google.example.library.v1.LibraryService/GetBigNothing",
              io.grpc.protobuf.ProtoUtils.marshaller(GetBookRequest.getDefaultInstance()),
              io.grpc.protobuf.ProtoUtils.marshaller(Operation.getDefaultInstance())));
  private static final UnaryCallable<TestOptionalRequiredFlatteningParamsRequest, TestOptionalRequiredFlatteningParamsResponse> directTestOptionalRequiredFlatteningParamsCallable =
      GrpcCallableFactory.createDirectCallable(
          io.grpc.MethodDescriptor.create(
              io.grpc.MethodDescriptor.MethodType.UNARY,
              "google.example.library.v1.LibraryService/TestOptionalRequiredFlatteningParams",
              io.grpc.protobuf.ProtoUtils.marshaller(TestOptionalRequiredFlatteningParamsRequest.getDefaultInstance()),
              io.grpc.protobuf.ProtoUtils.marshaller(TestOptionalRequiredFlatteningParamsResponse.getDefaultInstance())));

  private final BackgroundResource backgroundResources;
  private final GrpcOperationsStub operationsStub;

  private final UnaryCallable<CreateShelfRequest, Shelf> createShelfCallable;
  private final UnaryCallable<GetShelfRequest, Shelf> getShelfCallable;
  private final UnaryCallable<ListShelvesRequest, ListShelvesResponse> listShelvesCallable;
  private final UnaryCallable<ListShelvesRequest, ListShelvesPagedResponse> listShelvesPagedCallable;
  private final UnaryCallable<DeleteShelfRequest, Empty> deleteShelfCallable;
  private final UnaryCallable<MergeShelvesRequest, Shelf> mergeShelvesCallable;
  private final UnaryCallable<CreateBookRequest, Book> createBookCallable;
  private final UnaryCallable<PublishSeriesRequest, PublishSeriesResponse> publishSeriesCallable;
  private final UnaryCallable<GetBookRequest, Book> getBookCallable;
  private final UnaryCallable<ListBooksRequest, ListBooksResponse> listBooksCallable;
  private final UnaryCallable<ListBooksRequest, ListBooksPagedResponse> listBooksPagedCallable;
  private final UnaryCallable<DeleteBookRequest, Empty> deleteBookCallable;
  private final UnaryCallable<UpdateBookRequest, Book> updateBookCallable;
  private final UnaryCallable<MoveBookRequest, Book> moveBookCallable;
  private final UnaryCallable<ListStringsRequest, ListStringsResponse> listStringsCallable;
  private final UnaryCallable<ListStringsRequest, ListStringsPagedResponse> listStringsPagedCallable;
  private final UnaryCallable<AddCommentsRequest, Empty> addCommentsCallable;
  private final UnaryCallable<GetBookFromArchiveRequest, BookFromArchive> getBookFromArchiveCallable;
  private final UnaryCallable<GetBookFromAnywhereRequest, BookFromAnywhere> getBookFromAnywhereCallable;
  private final UnaryCallable<GetBookFromAbsolutelyAnywhereRequest, BookFromAnywhere> getBookFromAbsolutelyAnywhereCallable;
  private final UnaryCallable<UpdateBookIndexRequest, Empty> updateBookIndexCallable;
  private final ServerStreamingCallable<StreamShelvesRequest, StreamShelvesResponse> streamShelvesCallable;
  private final ServerStreamingCallable<StreamBooksRequest, Book> streamBooksCallable;
  private final BidiStreamingCallable<DiscussBookRequest, Comment> discussBookCallable;
  private final ClientStreamingCallable<DiscussBookRequest, Comment> monologAboutBookCallable;
  private final UnaryCallable<FindRelatedBooksRequest, FindRelatedBooksResponse> findRelatedBooksCallable;
  private final UnaryCallable<FindRelatedBooksRequest, FindRelatedBooksPagedResponse> findRelatedBooksPagedCallable;
  private final UnaryCallable<AddTagRequest, AddTagResponse> addTagCallable;
  private final UnaryCallable<AddLabelRequest, AddLabelResponse> addLabelCallable;
  private final UnaryCallable<GetBookRequest, Operation> getBigBookCallable;
  private final OperationCallable<GetBookRequest, Book, GetBigBookMetadata, Operation> getBigBookOperationCallable;
  private final UnaryCallable<GetBookRequest, Operation> getBigNothingCallable;
  private final OperationCallable<GetBookRequest, Empty, GetBigBookMetadata, Operation> getBigNothingOperationCallable;
  private final UnaryCallable<TestOptionalRequiredFlatteningParamsRequest, TestOptionalRequiredFlatteningParamsResponse> testOptionalRequiredFlatteningParamsCallable;

  public static final GrpcLibraryServiceStub create(LibrarySettings settings) throws IOException {
    return new GrpcLibraryServiceStub(settings, ClientContext.create(settings));
  }

  public static final GrpcLibraryServiceStub create(ClientContext clientContext) throws IOException {
    return new GrpcLibraryServiceStub(LibrarySettings.defaultBuilder().build(), clientContext);
  }

  /**
   * Constructs an instance of GrpcLibraryServiceStub, using the given settings.
   * This is protected so that it is easy to make a subclass, but otherwise, the static
   * factory methods should be preferred.
   */
  protected GrpcLibraryServiceStub(LibrarySettings settings, ClientContext clientContext) throws IOException {
    this.operationsStub = GrpcOperationsStub.create(clientContext);

    this.createShelfCallable = GrpcCallableFactory.create(directCreateShelfCallable,settings.createShelfSettings(), clientContext);
    this.getShelfCallable = GrpcCallableFactory.create(directGetShelfCallable,settings.getShelfSettings(), clientContext);
    this.listShelvesCallable = GrpcCallableFactory.create(directListShelvesCallable,settings.listShelvesSettings(), clientContext);
    this.listShelvesPagedCallable =
        GrpcCallableFactory.createPagedVariant(directListShelvesCallable,settings.listShelvesSettings(), clientContext);
    this.deleteShelfCallable = GrpcCallableFactory.create(directDeleteShelfCallable,settings.deleteShelfSettings(), clientContext);
    this.mergeShelvesCallable = GrpcCallableFactory.create(directMergeShelvesCallable,settings.mergeShelvesSettings(), clientContext);
    this.createBookCallable = GrpcCallableFactory.create(directCreateBookCallable,settings.createBookSettings(), clientContext);
    this.publishSeriesCallable = GrpcCallableFactory.create(directPublishSeriesCallable,settings.publishSeriesSettings(), clientContext);
    this.getBookCallable = GrpcCallableFactory.create(directGetBookCallable,settings.getBookSettings(), clientContext);
    this.listBooksCallable = GrpcCallableFactory.create(directListBooksCallable,settings.listBooksSettings(), clientContext);
    this.listBooksPagedCallable =
        GrpcCallableFactory.createPagedVariant(directListBooksCallable,settings.listBooksSettings(), clientContext);
    this.deleteBookCallable = GrpcCallableFactory.create(directDeleteBookCallable,settings.deleteBookSettings(), clientContext);
    this.updateBookCallable = GrpcCallableFactory.create(directUpdateBookCallable,settings.updateBookSettings(), clientContext);
    this.moveBookCallable = GrpcCallableFactory.create(directMoveBookCallable,settings.moveBookSettings(), clientContext);
    this.listStringsCallable = GrpcCallableFactory.create(directListStringsCallable,settings.listStringsSettings(), clientContext);
    this.listStringsPagedCallable =
        GrpcCallableFactory.createPagedVariant(directListStringsCallable,settings.listStringsSettings(), clientContext);
    this.addCommentsCallable = GrpcCallableFactory.create(directAddCommentsCallable,settings.addCommentsSettings(), clientContext);
    this.getBookFromArchiveCallable = GrpcCallableFactory.create(directGetBookFromArchiveCallable,settings.getBookFromArchiveSettings(), clientContext);
    this.getBookFromAnywhereCallable = GrpcCallableFactory.create(directGetBookFromAnywhereCallable,settings.getBookFromAnywhereSettings(), clientContext);
    this.getBookFromAbsolutelyAnywhereCallable = GrpcCallableFactory.create(directGetBookFromAbsolutelyAnywhereCallable,settings.getBookFromAbsolutelyAnywhereSettings(), clientContext);
    this.updateBookIndexCallable = GrpcCallableFactory.create(directUpdateBookIndexCallable,settings.updateBookIndexSettings(), clientContext);
    this.streamShelvesCallable = GrpcCallableFactory.create(directStreamShelvesCallable,settings.streamShelvesSettings(), clientContext);
    this.streamBooksCallable = GrpcCallableFactory.create(directStreamBooksCallable,settings.streamBooksSettings(), clientContext);
    this.discussBookCallable = GrpcCallableFactory.create(directDiscussBookCallable,settings.discussBookSettings(), clientContext);
    this.monologAboutBookCallable = GrpcCallableFactory.create(directMonologAboutBookCallable,settings.monologAboutBookSettings(), clientContext);
    this.findRelatedBooksCallable = GrpcCallableFactory.create(directFindRelatedBooksCallable,settings.findRelatedBooksSettings(), clientContext);
    this.findRelatedBooksPagedCallable =
        GrpcCallableFactory.createPagedVariant(directFindRelatedBooksCallable,settings.findRelatedBooksSettings(), clientContext);
    this.addTagCallable = GrpcCallableFactory.create(directAddTagCallable,settings.addTagSettings(), clientContext);
    this.addLabelCallable = GrpcCallableFactory.create(directAddLabelCallable,settings.addLabelSettings(), clientContext);
    this.getBigBookCallable = GrpcCallableFactory.create(directGetBigBookCallable,settings.getBigBookSettings().getInitialCallSettings(), clientContext);
    this.getBigBookOperationCallable = GrpcCallableFactory.create(directGetBigBookCallable,settings.getBigBookSettings(), clientContext, this.operationsStub);
    this.getBigNothingCallable = GrpcCallableFactory.create(directGetBigNothingCallable,settings.getBigNothingSettings().getInitialCallSettings(), clientContext);
    this.getBigNothingOperationCallable = GrpcCallableFactory.create(directGetBigNothingCallable,settings.getBigNothingSettings(), clientContext, this.operationsStub);
    this.testOptionalRequiredFlatteningParamsCallable = GrpcCallableFactory.create(directTestOptionalRequiredFlatteningParamsCallable,settings.testOptionalRequiredFlatteningParamsSettings(), clientContext);

    backgroundResources = new BackgroundResourceAggregation(clientContext.getBackgroundResources());
  }

  public GrpcOperationsStub getOperationsStub() {
    return operationsStub;
  }
  public UnaryCallable<CreateShelfRequest, Shelf> createShelfCallable() {
    return createShelfCallable;
  }

  public UnaryCallable<GetShelfRequest, Shelf> getShelfCallable() {
    return getShelfCallable;
  }

  public UnaryCallable<ListShelvesRequest, ListShelvesPagedResponse> listShelvesPagedCallable() {
    return listShelvesPagedCallable;
  }

  public UnaryCallable<ListShelvesRequest, ListShelvesResponse> listShelvesCallable() {
    return listShelvesCallable;
  }

  public UnaryCallable<DeleteShelfRequest, Empty> deleteShelfCallable() {
    return deleteShelfCallable;
  }

  public UnaryCallable<MergeShelvesRequest, Shelf> mergeShelvesCallable() {
    return mergeShelvesCallable;
  }

  public UnaryCallable<CreateBookRequest, Book> createBookCallable() {
    return createBookCallable;
  }

  public UnaryCallable<PublishSeriesRequest, PublishSeriesResponse> publishSeriesCallable() {
    return publishSeriesCallable;
  }

  public UnaryCallable<GetBookRequest, Book> getBookCallable() {
    return getBookCallable;
  }

  public UnaryCallable<ListBooksRequest, ListBooksPagedResponse> listBooksPagedCallable() {
    return listBooksPagedCallable;
  }

  public UnaryCallable<ListBooksRequest, ListBooksResponse> listBooksCallable() {
    return listBooksCallable;
  }

  public UnaryCallable<DeleteBookRequest, Empty> deleteBookCallable() {
    return deleteBookCallable;
  }

  public UnaryCallable<UpdateBookRequest, Book> updateBookCallable() {
    return updateBookCallable;
  }

  public UnaryCallable<MoveBookRequest, Book> moveBookCallable() {
    return moveBookCallable;
  }

  public UnaryCallable<ListStringsRequest, ListStringsPagedResponse> listStringsPagedCallable() {
    return listStringsPagedCallable;
  }

  public UnaryCallable<ListStringsRequest, ListStringsResponse> listStringsCallable() {
    return listStringsCallable;
  }

  public UnaryCallable<AddCommentsRequest, Empty> addCommentsCallable() {
    return addCommentsCallable;
  }

  public UnaryCallable<GetBookFromArchiveRequest, BookFromArchive> getBookFromArchiveCallable() {
    return getBookFromArchiveCallable;
  }

  public UnaryCallable<GetBookFromAnywhereRequest, BookFromAnywhere> getBookFromAnywhereCallable() {
    return getBookFromAnywhereCallable;
  }

  public UnaryCallable<GetBookFromAbsolutelyAnywhereRequest, BookFromAnywhere> getBookFromAbsolutelyAnywhereCallable() {
    return getBookFromAbsolutelyAnywhereCallable;
  }

  public UnaryCallable<UpdateBookIndexRequest, Empty> updateBookIndexCallable() {
    return updateBookIndexCallable;
  }

  public ServerStreamingCallable<StreamShelvesRequest, StreamShelvesResponse> streamShelvesCallable() {
    return streamShelvesCallable;
  }

  public ServerStreamingCallable<StreamBooksRequest, Book> streamBooksCallable() {
    return streamBooksCallable;
  }

  public BidiStreamingCallable<DiscussBookRequest, Comment> discussBookCallable() {
    return discussBookCallable;
  }

  public ClientStreamingCallable<DiscussBookRequest, Comment> monologAboutBookCallable() {
    return monologAboutBookCallable;
  }

  public UnaryCallable<FindRelatedBooksRequest, FindRelatedBooksPagedResponse> findRelatedBooksPagedCallable() {
    return findRelatedBooksPagedCallable;
  }

  public UnaryCallable<FindRelatedBooksRequest, FindRelatedBooksResponse> findRelatedBooksCallable() {
    return findRelatedBooksCallable;
  }

  public UnaryCallable<AddTagRequest, AddTagResponse> addTagCallable() {
    return addTagCallable;
  }

  @Deprecated
  public UnaryCallable<AddLabelRequest, AddLabelResponse> addLabelCallable() {
    return addLabelCallable;
  }

  public OperationCallable<GetBookRequest, Book, GetBigBookMetadata, Operation> getBigBookOperationCallable() {
    return getBigBookOperationCallable;
  }

  public UnaryCallable<GetBookRequest, Operation> getBigBookCallable() {
    return getBigBookCallable;
  }

  public OperationCallable<GetBookRequest, Empty, GetBigBookMetadata, Operation> getBigNothingOperationCallable() {
    return getBigNothingOperationCallable;
  }

  public UnaryCallable<GetBookRequest, Operation> getBigNothingCallable() {
    return getBigNothingCallable;
  }

  public UnaryCallable<TestOptionalRequiredFlatteningParamsRequest, TestOptionalRequiredFlatteningParamsResponse> testOptionalRequiredFlatteningParamsCallable() {
    return testOptionalRequiredFlatteningParamsCallable;
  }

  @Override
  public final void close() throws Exception {
    shutdown();
  }

  @Override
  public void shutdown() {
    backgroundResources.shutdown();
  }

  @Override
  public boolean isShutdown() {
    return backgroundResources.isShutdown();
  }

  @Override
  public boolean isTerminated() {
    return backgroundResources.isTerminated();
  }

  @Override
  public void shutdownNow() {
    backgroundResources.shutdownNow();
  }

  @Override
  public boolean awaitTermination(long duration, TimeUnit unit) throws InterruptedException {
    return backgroundResources.awaitTermination(duration, unit);
  }

}
