============== file: src/LibraryServiceApi.php ==============
<?php

namespace Google\Example\Library\V1;

use Google\GAX\AgentHeaderDescriptor;
use Google\GAX\ApiCallable;
use Google\GAX\CallSettings;
use Google\GAX\GrpcBootstrap;
use Google\GAX\GrpcConstants;
use Google\GAX\PathTemplate;

class LibraryServiceApi
{
    /**
     * The default address of the service.
     */
    const SERVICE_ADDRESS = 'library-example.googleapis.com';

    /**
     * The default port of the service.
     */
    const DEFAULT_SERVICE_PORT = 443;

    /**
     * The default timeout for non-retrying methods.
     */
    const DEFAULT_TIMEOUT_MILLIS = 30000;

    const _GAX_VERSION = '0.1.0';
    const _CODEGEN_NAME = 'GAPIC';
    const _CODEGEN_VERSION = '0.0.0';

    private static $shelfNameTemplate;
    private static $bookNameTemplate;
    private static $archivedBookNameTemplate;
}
