
// PRE-REQUISITES:
// ---------------
// 1. If not already done, enable the Google Cloud Logging API and check quota for your project at
//    https://console.developers.google.com/apis/api/logging_component/quotas
// 2. To install the client library add a dependency on the relevant NuGet package. Libraries published
//    by Google are owned by google-apis-packages: https://www.nuget.org/profiles/google-apis-packages
// 3. This sample uses Application Default Credentials for Auth. If not already done, install the gcloud CLI from
//    https://cloud.google.com/sdk/ and run 'gcloud beta auth application-default login'

using Apis.Auth.OAuth2;
using Google.Apis.Logging.v2beta1;
using Google.Apis.Services;
using System.Threading.Tasks;

namespace LoggingSample
{
    public class Program
    {
        public static void Main(string[] args)
        {
            // Authentication is provided by the 'gcloud' tool when running locally
            // and by built-in service accounts when runing on GCE.
            GoogleCredential credential = Task.Run(() => GoogleCredential.GetApplicationDefaultAsync()).Result;

            // Running locally requires scopes to be passed in manually.
            // GCE automatically pulls the scopes from the GCE metadata server.
            // See https://developers.google.com/identity/protocols/application-default-credentials for more information.
            if (credential.IsCreateScopedRequired)
            {
                credential = credential.CreateScoped("https://www.googleapis.com/auth/cloud-platform");
            }

            LoggingService loggingService = new LoggingService(new BaseClientService.Initializer
            {
                HttpClientInitializer = credential,
                ApplicationName = "Google Cloud Platform Sample",
            });

            // TODO: Change placeholders below to values for parameters to the List() method:

            EntriesResource.ListRequest request = loggingService.Entries.List();
            ListLogEntriesResponse response = request.Execute();

            // To execute asynchronously in an async method, use
            // ListLogEntriesResponse response = await request.ExecuteAsync();
        }
    }
}
// PRE-REQUISITES:
// ---------------
// 1. If not already done, enable the Google Cloud Logging API and check quota for your project at
//    https://console.developers.google.com/apis/api/logging_component/quotas
// 2. To install the client library add a dependency on the relevant NuGet package. Libraries published
//    by Google are owned by google-apis-packages: https://www.nuget.org/profiles/google-apis-packages
// 3. This sample uses Application Default Credentials for Auth. If not already done, install the gcloud CLI from
//    https://cloud.google.com/sdk/ and run 'gcloud beta auth application-default login'

using Apis.Auth.OAuth2;
using Google.Apis.Logging.v2beta1;
using Google.Apis.Services;
using System.Threading.Tasks;

namespace LoggingSample
{
    public class Program
    {
        public static void Main(string[] args)
        {
            // Authentication is provided by the 'gcloud' tool when running locally
            // and by built-in service accounts when runing on GCE.
            GoogleCredential credential = Task.Run(() => GoogleCredential.GetApplicationDefaultAsync()).Result;

            // Running locally requires scopes to be passed in manually.
            // GCE automatically pulls the scopes from the GCE metadata server.
            // See https://developers.google.com/identity/protocols/application-default-credentials for more information.
            if (credential.IsCreateScopedRequired)
            {
                credential = credential.CreateScoped("https://www.googleapis.com/auth/cloud-platform");
            }

            LoggingService loggingService = new LoggingService(new BaseClientService.Initializer
            {
                HttpClientInitializer = credential,
                ApplicationName = "Google Cloud Platform Sample",
            });

            // TODO: Change placeholders below to values for parameters to the Write() method:

            EntriesResource.WriteRequest request = loggingService.Entries.Write();
            WriteLogEntriesResponse response = request.Execute();

            // To execute asynchronously in an async method, use
            // WriteLogEntriesResponse response = await request.ExecuteAsync();
        }
    }
}
// PRE-REQUISITES:
// ---------------
// 1. If not already done, enable the Google Cloud Logging API and check quota for your project at
//    https://console.developers.google.com/apis/api/logging_component/quotas
// 2. To install the client library add a dependency on the relevant NuGet package. Libraries published
//    by Google are owned by google-apis-packages: https://www.nuget.org/profiles/google-apis-packages
// 3. This sample uses Application Default Credentials for Auth. If not already done, install the gcloud CLI from
//    https://cloud.google.com/sdk/ and run 'gcloud beta auth application-default login'

using Apis.Auth.OAuth2;
using Google.Apis.Logging.v2beta1;
using Google.Apis.Services;
using System.Threading.Tasks;

namespace LoggingSample
{
    public class Program
    {
        public static void Main(string[] args)
        {
            // Authentication is provided by the 'gcloud' tool when running locally
            // and by built-in service accounts when runing on GCE.
            GoogleCredential credential = Task.Run(() => GoogleCredential.GetApplicationDefaultAsync()).Result;

            // Running locally requires scopes to be passed in manually.
            // GCE automatically pulls the scopes from the GCE metadata server.
            // See https://developers.google.com/identity/protocols/application-default-credentials for more information.
            if (credential.IsCreateScopedRequired)
            {
                credential = credential.CreateScoped("https://www.googleapis.com/auth/cloud-platform");
            }

            LoggingService loggingService = new LoggingService(new BaseClientService.Initializer
            {
                HttpClientInitializer = credential,
                ApplicationName = "Google Cloud Platform Sample",
            });

            // TODO: Change placeholders below to values for parameters to the List() method:

            MonitoredResourceDescriptorsResource.ListRequest request = loggingService.MonitoredResourceDescriptors.List();
            ListMonitoredResourceDescriptorsResponse response = request.Execute();

            // To execute asynchronously in an async method, use
            // ListMonitoredResourceDescriptorsResponse response = await request.ExecuteAsync();
        }
    }
}
// PRE-REQUISITES:
// ---------------
// 1. If not already done, enable the Google Cloud Logging API and check quota for your project at
//    https://console.developers.google.com/apis/api/logging_component/quotas
// 2. To install the client library add a dependency on the relevant NuGet package. Libraries published
//    by Google are owned by google-apis-packages: https://www.nuget.org/profiles/google-apis-packages
// 3. This sample uses Application Default Credentials for Auth. If not already done, install the gcloud CLI from
//    https://cloud.google.com/sdk/ and run 'gcloud beta auth application-default login'

using Apis.Auth.OAuth2;
using Google.Apis.Logging.v2beta1;
using Google.Apis.Services;
using System.Threading.Tasks;

namespace LoggingSample
{
    public class Program
    {
        public static void Main(string[] args)
        {
            // Authentication is provided by the 'gcloud' tool when running locally
            // and by built-in service accounts when runing on GCE.
            GoogleCredential credential = Task.Run(() => GoogleCredential.GetApplicationDefaultAsync()).Result;

            // Running locally requires scopes to be passed in manually.
            // GCE automatically pulls the scopes from the GCE metadata server.
            // See https://developers.google.com/identity/protocols/application-default-credentials for more information.
            if (credential.IsCreateScopedRequired)
            {
                credential = credential.CreateScoped("https://www.googleapis.com/auth/cloud-platform");
            }

            LoggingService loggingService = new LoggingService(new BaseClientService.Initializer
            {
                HttpClientInitializer = credential,
                ApplicationName = "Google Cloud Platform Sample",
            });

            // TODO: Change placeholders below to values for parameters to the Delete() method:
            // Required. The resource name of the log to delete. Example: `"projects/my-project/logs/syslog"`.
            string logName = "";

            ProjectsResource.LogsResource.DeleteRequest request = loggingService.Projects.Logs.Delete(logName);
            Empty response = request.Execute();

            // To execute asynchronously in an async method, use
            // Empty response = await request.ExecuteAsync();
        }
    }
}
// PRE-REQUISITES:
// ---------------
// 1. If not already done, enable the Google Cloud Logging API and check quota for your project at
//    https://console.developers.google.com/apis/api/logging_component/quotas
// 2. To install the client library add a dependency on the relevant NuGet package. Libraries published
//    by Google are owned by google-apis-packages: https://www.nuget.org/profiles/google-apis-packages
// 3. This sample uses Application Default Credentials for Auth. If not already done, install the gcloud CLI from
//    https://cloud.google.com/sdk/ and run 'gcloud beta auth application-default login'

using Apis.Auth.OAuth2;
using Google.Apis.Logging.v2beta1;
using Google.Apis.Services;
using System.Threading.Tasks;

namespace LoggingSample
{
    public class Program
    {
        public static void Main(string[] args)
        {
            // Authentication is provided by the 'gcloud' tool when running locally
            // and by built-in service accounts when runing on GCE.
            GoogleCredential credential = Task.Run(() => GoogleCredential.GetApplicationDefaultAsync()).Result;

            // Running locally requires scopes to be passed in manually.
            // GCE automatically pulls the scopes from the GCE metadata server.
            // See https://developers.google.com/identity/protocols/application-default-credentials for more information.
            if (credential.IsCreateScopedRequired)
            {
                credential = credential.CreateScoped("https://www.googleapis.com/auth/cloud-platform");
            }

            LoggingService loggingService = new LoggingService(new BaseClientService.Initializer
            {
                HttpClientInitializer = credential,
                ApplicationName = "Google Cloud Platform Sample",
            });

            // TODO: Change placeholders below to values for parameters to the Create() method:
            // The resource name of the project in which to create the metric. Example: `"projects/my-project-id"`.
            // The new metric must be provided in the request.
            string projectName = "";

            ProjectsResource.MetricsResource.CreateRequest request = loggingService.Projects.Metrics.Create(projectName);
            LogMetric response = request.Execute();

            // To execute asynchronously in an async method, use
            // LogMetric response = await request.ExecuteAsync();
        }
    }
}
// PRE-REQUISITES:
// ---------------
// 1. If not already done, enable the Google Cloud Logging API and check quota for your project at
//    https://console.developers.google.com/apis/api/logging_component/quotas
// 2. To install the client library add a dependency on the relevant NuGet package. Libraries published
//    by Google are owned by google-apis-packages: https://www.nuget.org/profiles/google-apis-packages
// 3. This sample uses Application Default Credentials for Auth. If not already done, install the gcloud CLI from
//    https://cloud.google.com/sdk/ and run 'gcloud beta auth application-default login'

using Apis.Auth.OAuth2;
using Google.Apis.Logging.v2beta1;
using Google.Apis.Services;
using System.Threading.Tasks;

namespace LoggingSample
{
    public class Program
    {
        public static void Main(string[] args)
        {
            // Authentication is provided by the 'gcloud' tool when running locally
            // and by built-in service accounts when runing on GCE.
            GoogleCredential credential = Task.Run(() => GoogleCredential.GetApplicationDefaultAsync()).Result;

            // Running locally requires scopes to be passed in manually.
            // GCE automatically pulls the scopes from the GCE metadata server.
            // See https://developers.google.com/identity/protocols/application-default-credentials for more information.
            if (credential.IsCreateScopedRequired)
            {
                credential = credential.CreateScoped("https://www.googleapis.com/auth/cloud-platform");
            }

            LoggingService loggingService = new LoggingService(new BaseClientService.Initializer
            {
                HttpClientInitializer = credential,
                ApplicationName = "Google Cloud Platform Sample",
            });

            // TODO: Change placeholders below to values for parameters to the Delete() method:
            // The resource name of the metric to delete. Example: `"projects/my-project-id/metrics/my-metric-id"`.
            string metricName = "";

            ProjectsResource.MetricsResource.DeleteRequest request = loggingService.Projects.Metrics.Delete(metricName);
            Empty response = request.Execute();

            // To execute asynchronously in an async method, use
            // Empty response = await request.ExecuteAsync();
        }
    }
}
// PRE-REQUISITES:
// ---------------
// 1. If not already done, enable the Google Cloud Logging API and check quota for your project at
//    https://console.developers.google.com/apis/api/logging_component/quotas
// 2. To install the client library add a dependency on the relevant NuGet package. Libraries published
//    by Google are owned by google-apis-packages: https://www.nuget.org/profiles/google-apis-packages
// 3. This sample uses Application Default Credentials for Auth. If not already done, install the gcloud CLI from
//    https://cloud.google.com/sdk/ and run 'gcloud beta auth application-default login'

using Apis.Auth.OAuth2;
using Google.Apis.Logging.v2beta1;
using Google.Apis.Services;
using System.Threading.Tasks;

namespace LoggingSample
{
    public class Program
    {
        public static void Main(string[] args)
        {
            // Authentication is provided by the 'gcloud' tool when running locally
            // and by built-in service accounts when runing on GCE.
            GoogleCredential credential = Task.Run(() => GoogleCredential.GetApplicationDefaultAsync()).Result;

            // Running locally requires scopes to be passed in manually.
            // GCE automatically pulls the scopes from the GCE metadata server.
            // See https://developers.google.com/identity/protocols/application-default-credentials for more information.
            if (credential.IsCreateScopedRequired)
            {
                credential = credential.CreateScoped("https://www.googleapis.com/auth/cloud-platform");
            }

            LoggingService loggingService = new LoggingService(new BaseClientService.Initializer
            {
                HttpClientInitializer = credential,
                ApplicationName = "Google Cloud Platform Sample",
            });

            // TODO: Change placeholders below to values for parameters to the Get() method:
            // The resource name of the desired metric. Example: `"projects/my-project-id/metrics/my-metric-id"`.
            string metricName = "";

            ProjectsResource.MetricsResource.GetRequest request = loggingService.Projects.Metrics.Get(metricName);
            LogMetric response = request.Execute();

            // To execute asynchronously in an async method, use
            // LogMetric response = await request.ExecuteAsync();
        }
    }
}
// PRE-REQUISITES:
// ---------------
// 1. If not already done, enable the Google Cloud Logging API and check quota for your project at
//    https://console.developers.google.com/apis/api/logging_component/quotas
// 2. To install the client library add a dependency on the relevant NuGet package. Libraries published
//    by Google are owned by google-apis-packages: https://www.nuget.org/profiles/google-apis-packages
// 3. This sample uses Application Default Credentials for Auth. If not already done, install the gcloud CLI from
//    https://cloud.google.com/sdk/ and run 'gcloud beta auth application-default login'

using Apis.Auth.OAuth2;
using Google.Apis.Logging.v2beta1;
using Google.Apis.Services;
using System.Threading.Tasks;

namespace LoggingSample
{
    public class Program
    {
        public static void Main(string[] args)
        {
            // Authentication is provided by the 'gcloud' tool when running locally
            // and by built-in service accounts when runing on GCE.
            GoogleCredential credential = Task.Run(() => GoogleCredential.GetApplicationDefaultAsync()).Result;

            // Running locally requires scopes to be passed in manually.
            // GCE automatically pulls the scopes from the GCE metadata server.
            // See https://developers.google.com/identity/protocols/application-default-credentials for more information.
            if (credential.IsCreateScopedRequired)
            {
                credential = credential.CreateScoped("https://www.googleapis.com/auth/cloud-platform");
            }

            LoggingService loggingService = new LoggingService(new BaseClientService.Initializer
            {
                HttpClientInitializer = credential,
                ApplicationName = "Google Cloud Platform Sample",
            });

            // TODO: Change placeholders below to values for parameters to the List() method:
            // Required. The resource name of the project containing the metrics. Example:
            // `"projects/my-project-id"`.
            string projectName = "";

            ProjectsResource.MetricsResource.ListRequest request = loggingService.Projects.Metrics.List(projectName);
            ListLogMetricsResponse response = request.Execute();

            // To execute asynchronously in an async method, use
            // ListLogMetricsResponse response = await request.ExecuteAsync();
        }
    }
}
// PRE-REQUISITES:
// ---------------
// 1. If not already done, enable the Google Cloud Logging API and check quota for your project at
//    https://console.developers.google.com/apis/api/logging_component/quotas
// 2. To install the client library add a dependency on the relevant NuGet package. Libraries published
//    by Google are owned by google-apis-packages: https://www.nuget.org/profiles/google-apis-packages
// 3. This sample uses Application Default Credentials for Auth. If not already done, install the gcloud CLI from
//    https://cloud.google.com/sdk/ and run 'gcloud beta auth application-default login'

using Apis.Auth.OAuth2;
using Google.Apis.Logging.v2beta1;
using Google.Apis.Services;
using System.Threading.Tasks;

namespace LoggingSample
{
    public class Program
    {
        public static void Main(string[] args)
        {
            // Authentication is provided by the 'gcloud' tool when running locally
            // and by built-in service accounts when runing on GCE.
            GoogleCredential credential = Task.Run(() => GoogleCredential.GetApplicationDefaultAsync()).Result;

            // Running locally requires scopes to be passed in manually.
            // GCE automatically pulls the scopes from the GCE metadata server.
            // See https://developers.google.com/identity/protocols/application-default-credentials for more information.
            if (credential.IsCreateScopedRequired)
            {
                credential = credential.CreateScoped("https://www.googleapis.com/auth/cloud-platform");
            }

            LoggingService loggingService = new LoggingService(new BaseClientService.Initializer
            {
                HttpClientInitializer = credential,
                ApplicationName = "Google Cloud Platform Sample",
            });

            // TODO: Change placeholders below to values for parameters to the Update() method:
            // The resource name of the metric to update. Example: `"projects/my-project-id/metrics/my-metric-id"`.
            // The updated metric must be provided in the request and have the same identifier that is specified in
            // `metricName`. If the metric does not exist, it is created.
            string metricName = "";

            ProjectsResource.MetricsResource.UpdateRequest request = loggingService.Projects.Metrics.Update(metricName);
            LogMetric response = request.Execute();

            // To execute asynchronously in an async method, use
            // LogMetric response = await request.ExecuteAsync();
        }
    }
}
// PRE-REQUISITES:
// ---------------
// 1. If not already done, enable the Google Cloud Logging API and check quota for your project at
//    https://console.developers.google.com/apis/api/logging_component/quotas
// 2. To install the client library add a dependency on the relevant NuGet package. Libraries published
//    by Google are owned by google-apis-packages: https://www.nuget.org/profiles/google-apis-packages
// 3. This sample uses Application Default Credentials for Auth. If not already done, install the gcloud CLI from
//    https://cloud.google.com/sdk/ and run 'gcloud beta auth application-default login'

using Apis.Auth.OAuth2;
using Google.Apis.Logging.v2beta1;
using Google.Apis.Services;
using System.Threading.Tasks;

namespace LoggingSample
{
    public class Program
    {
        public static void Main(string[] args)
        {
            // Authentication is provided by the 'gcloud' tool when running locally
            // and by built-in service accounts when runing on GCE.
            GoogleCredential credential = Task.Run(() => GoogleCredential.GetApplicationDefaultAsync()).Result;

            // Running locally requires scopes to be passed in manually.
            // GCE automatically pulls the scopes from the GCE metadata server.
            // See https://developers.google.com/identity/protocols/application-default-credentials for more information.
            if (credential.IsCreateScopedRequired)
            {
                credential = credential.CreateScoped("https://www.googleapis.com/auth/cloud-platform");
            }

            LoggingService loggingService = new LoggingService(new BaseClientService.Initializer
            {
                HttpClientInitializer = credential,
                ApplicationName = "Google Cloud Platform Sample",
            });

            // TODO: Change placeholders below to values for parameters to the Create() method:
            // The resource name of the project in which to create the sink. Example: `"projects/my-project-id"`.
            // The new sink must be provided in the request.
            string projectName = "";

            ProjectsResource.SinksResource.CreateRequest request = loggingService.Projects.Sinks.Create(projectName);
            LogSink response = request.Execute();

            // To execute asynchronously in an async method, use
            // LogSink response = await request.ExecuteAsync();
        }
    }
}
// PRE-REQUISITES:
// ---------------
// 1. If not already done, enable the Google Cloud Logging API and check quota for your project at
//    https://console.developers.google.com/apis/api/logging_component/quotas
// 2. To install the client library add a dependency on the relevant NuGet package. Libraries published
//    by Google are owned by google-apis-packages: https://www.nuget.org/profiles/google-apis-packages
// 3. This sample uses Application Default Credentials for Auth. If not already done, install the gcloud CLI from
//    https://cloud.google.com/sdk/ and run 'gcloud beta auth application-default login'

using Apis.Auth.OAuth2;
using Google.Apis.Logging.v2beta1;
using Google.Apis.Services;
using System.Threading.Tasks;

namespace LoggingSample
{
    public class Program
    {
        public static void Main(string[] args)
        {
            // Authentication is provided by the 'gcloud' tool when running locally
            // and by built-in service accounts when runing on GCE.
            GoogleCredential credential = Task.Run(() => GoogleCredential.GetApplicationDefaultAsync()).Result;

            // Running locally requires scopes to be passed in manually.
            // GCE automatically pulls the scopes from the GCE metadata server.
            // See https://developers.google.com/identity/protocols/application-default-credentials for more information.
            if (credential.IsCreateScopedRequired)
            {
                credential = credential.CreateScoped("https://www.googleapis.com/auth/cloud-platform");
            }

            LoggingService loggingService = new LoggingService(new BaseClientService.Initializer
            {
                HttpClientInitializer = credential,
                ApplicationName = "Google Cloud Platform Sample",
            });

            // TODO: Change placeholders below to values for parameters to the Delete() method:
            // The resource name of the sink to delete. Example: `"projects/my-project-id/sinks/my-sink-id"`.
            string sinkName = "";

            ProjectsResource.SinksResource.DeleteRequest request = loggingService.Projects.Sinks.Delete(sinkName);
            Empty response = request.Execute();

            // To execute asynchronously in an async method, use
            // Empty response = await request.ExecuteAsync();
        }
    }
}
// PRE-REQUISITES:
// ---------------
// 1. If not already done, enable the Google Cloud Logging API and check quota for your project at
//    https://console.developers.google.com/apis/api/logging_component/quotas
// 2. To install the client library add a dependency on the relevant NuGet package. Libraries published
//    by Google are owned by google-apis-packages: https://www.nuget.org/profiles/google-apis-packages
// 3. This sample uses Application Default Credentials for Auth. If not already done, install the gcloud CLI from
//    https://cloud.google.com/sdk/ and run 'gcloud beta auth application-default login'

using Apis.Auth.OAuth2;
using Google.Apis.Logging.v2beta1;
using Google.Apis.Services;
using System.Threading.Tasks;

namespace LoggingSample
{
    public class Program
    {
        public static void Main(string[] args)
        {
            // Authentication is provided by the 'gcloud' tool when running locally
            // and by built-in service accounts when runing on GCE.
            GoogleCredential credential = Task.Run(() => GoogleCredential.GetApplicationDefaultAsync()).Result;

            // Running locally requires scopes to be passed in manually.
            // GCE automatically pulls the scopes from the GCE metadata server.
            // See https://developers.google.com/identity/protocols/application-default-credentials for more information.
            if (credential.IsCreateScopedRequired)
            {
                credential = credential.CreateScoped("https://www.googleapis.com/auth/cloud-platform");
            }

            LoggingService loggingService = new LoggingService(new BaseClientService.Initializer
            {
                HttpClientInitializer = credential,
                ApplicationName = "Google Cloud Platform Sample",
            });

            // TODO: Change placeholders below to values for parameters to the Get() method:
            // The resource name of the sink to return. Example: `"projects/my-project-id/sinks/my-sink-id"`.
            string sinkName = "";

            ProjectsResource.SinksResource.GetRequest request = loggingService.Projects.Sinks.Get(sinkName);
            LogSink response = request.Execute();

            // To execute asynchronously in an async method, use
            // LogSink response = await request.ExecuteAsync();
        }
    }
}
// PRE-REQUISITES:
// ---------------
// 1. If not already done, enable the Google Cloud Logging API and check quota for your project at
//    https://console.developers.google.com/apis/api/logging_component/quotas
// 2. To install the client library add a dependency on the relevant NuGet package. Libraries published
//    by Google are owned by google-apis-packages: https://www.nuget.org/profiles/google-apis-packages
// 3. This sample uses Application Default Credentials for Auth. If not already done, install the gcloud CLI from
//    https://cloud.google.com/sdk/ and run 'gcloud beta auth application-default login'

using Apis.Auth.OAuth2;
using Google.Apis.Logging.v2beta1;
using Google.Apis.Services;
using System.Threading.Tasks;

namespace LoggingSample
{
    public class Program
    {
        public static void Main(string[] args)
        {
            // Authentication is provided by the 'gcloud' tool when running locally
            // and by built-in service accounts when runing on GCE.
            GoogleCredential credential = Task.Run(() => GoogleCredential.GetApplicationDefaultAsync()).Result;

            // Running locally requires scopes to be passed in manually.
            // GCE automatically pulls the scopes from the GCE metadata server.
            // See https://developers.google.com/identity/protocols/application-default-credentials for more information.
            if (credential.IsCreateScopedRequired)
            {
                credential = credential.CreateScoped("https://www.googleapis.com/auth/cloud-platform");
            }

            LoggingService loggingService = new LoggingService(new BaseClientService.Initializer
            {
                HttpClientInitializer = credential,
                ApplicationName = "Google Cloud Platform Sample",
            });

            // TODO: Change placeholders below to values for parameters to the List() method:
            // Required. The resource name of the project containing the sinks. Example:
            // `"projects/my-logging-project"`, `"projects/01234567890"`.
            string projectName = "";

            ProjectsResource.SinksResource.ListRequest request = loggingService.Projects.Sinks.List(projectName);
            ListSinksResponse response = request.Execute();

            // To execute asynchronously in an async method, use
            // ListSinksResponse response = await request.ExecuteAsync();
        }
    }
}
// PRE-REQUISITES:
// ---------------
// 1. If not already done, enable the Google Cloud Logging API and check quota for your project at
//    https://console.developers.google.com/apis/api/logging_component/quotas
// 2. To install the client library add a dependency on the relevant NuGet package. Libraries published
//    by Google are owned by google-apis-packages: https://www.nuget.org/profiles/google-apis-packages
// 3. This sample uses Application Default Credentials for Auth. If not already done, install the gcloud CLI from
//    https://cloud.google.com/sdk/ and run 'gcloud beta auth application-default login'

using Apis.Auth.OAuth2;
using Google.Apis.Logging.v2beta1;
using Google.Apis.Services;
using System.Threading.Tasks;

namespace LoggingSample
{
    public class Program
    {
        public static void Main(string[] args)
        {
            // Authentication is provided by the 'gcloud' tool when running locally
            // and by built-in service accounts when runing on GCE.
            GoogleCredential credential = Task.Run(() => GoogleCredential.GetApplicationDefaultAsync()).Result;

            // Running locally requires scopes to be passed in manually.
            // GCE automatically pulls the scopes from the GCE metadata server.
            // See https://developers.google.com/identity/protocols/application-default-credentials for more information.
            if (credential.IsCreateScopedRequired)
            {
                credential = credential.CreateScoped("https://www.googleapis.com/auth/cloud-platform");
            }

            LoggingService loggingService = new LoggingService(new BaseClientService.Initializer
            {
                HttpClientInitializer = credential,
                ApplicationName = "Google Cloud Platform Sample",
            });

            // TODO: Change placeholders below to values for parameters to the Update() method:
            // The resource name of the sink to update. Example: `"projects/my-project-id/sinks/my-sink-id"`. The
            // updated sink must be provided in the request and have the same name that is specified in `sinkName`.
            // If the sink does not exist, it is created.
            string sinkName = "";

            ProjectsResource.SinksResource.UpdateRequest request = loggingService.Projects.Sinks.Update(sinkName);
            LogSink response = request.Execute();

            // To execute asynchronously in an async method, use
            // LogSink response = await request.ExecuteAsync();
        }
    }
}
