
<?php
/*
 * BEFORE RUNNING:
 * ---------------
 * 1. If not already done, enable the Cloud SQL Administration API
 *    and check the quota for your project at
 *    https://console.developers.google.com/apis/api/sqladmin
 * 2. This sample uses Application Default Credentials for authentication.
 *    If not already done, install the gcloud CLI from
 *    https://cloud.google.com/sdk/ and run
 *    `gcloud beta auth application-default login`
 * 3. Install the PHP client library with Composer. Check installation
 *    instructions at https://github.com/google/google-api-php-client.
 */

// Autoload Composer.
require_once __DIR__ . '/vendor/autoload.php';

// Authentication is provided by the `gcloud` tool when running locally
// and by built-in service accounts when running on GAE, GCE, or GKE.
// For more information, see
// https://developers.google.com/identity/protocols/application-default-credentials
$client = new Google_Client();
$client->setApplicationName('Google Cloud Platform Sample');
$client->useApplicationDefaultCredentials();
$client->addScope('https://www.googleapis.com/auth/cloud-platform');

// Construct the SQLAdmin service object for interacting with the API.
$service = new Google_Service_SQLAdmin($client);


// TODO: Change placeholders below to desired parameter values for the `delete` method:

// * Project ID of the project that contains the instance.
$project = '';

// * Cloud SQL instance ID. This does not include the project ID.
$instance = '';

// * The ID of the Backup Run to delete. To find a Backup Run ID, use the list method.
$id = '0';


$response = $service->backupRuns->delete($project, $instance, $id);

// TODO: Change code below to process the `$response` object:
echo '<pre>', var_export($response, true), '</pre>', "\n";
<?php
/*
 * BEFORE RUNNING:
 * ---------------
 * 1. If not already done, enable the Cloud SQL Administration API
 *    and check the quota for your project at
 *    https://console.developers.google.com/apis/api/sqladmin
 * 2. This sample uses Application Default Credentials for authentication.
 *    If not already done, install the gcloud CLI from
 *    https://cloud.google.com/sdk/ and run
 *    `gcloud beta auth application-default login`
 * 3. Install the PHP client library with Composer. Check installation
 *    instructions at https://github.com/google/google-api-php-client.
 */

// Autoload Composer.
require_once __DIR__ . '/vendor/autoload.php';

// Authentication is provided by the `gcloud` tool when running locally
// and by built-in service accounts when running on GAE, GCE, or GKE.
// For more information, see
// https://developers.google.com/identity/protocols/application-default-credentials
$client = new Google_Client();
$client->setApplicationName('Google Cloud Platform Sample');
$client->useApplicationDefaultCredentials();
$client->addScope('https://www.googleapis.com/auth/cloud-platform');

// Construct the SQLAdmin service object for interacting with the API.
$service = new Google_Service_SQLAdmin($client);


// TODO: Change placeholders below to desired parameter values for the `get` method:

// * Project ID of the project that contains the instance.
$project = '';

// * Cloud SQL instance ID. This does not include the project ID.
$instance = '';

// * The ID of this Backup Run.
$id = '0';


$response = $service->backupRuns->get($project, $instance, $id);

// TODO: Change code below to process the `$response` object:
echo '<pre>', var_export($response, true), '</pre>', "\n";
<?php
/*
 * BEFORE RUNNING:
 * ---------------
 * 1. If not already done, enable the Cloud SQL Administration API
 *    and check the quota for your project at
 *    https://console.developers.google.com/apis/api/sqladmin
 * 2. This sample uses Application Default Credentials for authentication.
 *    If not already done, install the gcloud CLI from
 *    https://cloud.google.com/sdk/ and run
 *    `gcloud beta auth application-default login`
 * 3. Install the PHP client library with Composer. Check installation
 *    instructions at https://github.com/google/google-api-php-client.
 */

// Autoload Composer.
require_once __DIR__ . '/vendor/autoload.php';

// Authentication is provided by the `gcloud` tool when running locally
// and by built-in service accounts when running on GAE, GCE, or GKE.
// For more information, see
// https://developers.google.com/identity/protocols/application-default-credentials
$client = new Google_Client();
$client->setApplicationName('Google Cloud Platform Sample');
$client->useApplicationDefaultCredentials();
$client->addScope('https://www.googleapis.com/auth/cloud-platform');

// Construct the SQLAdmin service object for interacting with the API.
$service = new Google_Service_SQLAdmin($client);


// TODO: Change placeholders below to desired parameter values for the `listBackupRuns` method:

// * Project ID of the project that contains the instance.
$project = '';

// * Cloud SQL instance ID. This does not include the project ID.
$instance = '';


$optParams = array();
do {
  $response = $service->backupRuns->listBackupRuns($project, $instance, $optParams);

  foreach ($response['items'] as $backup_run) {
    // TODO: Change code below to process each `backup_run` resource:
    echo '<pre>', var_export($backup_run, true), '</pre>', "\n";
  }

  $optParams['pageToken'] = $response->getNextPageToken();
} while ($optParams['pageToken']);
<?php
/*
 * BEFORE RUNNING:
 * ---------------
 * 1. If not already done, enable the Cloud SQL Administration API
 *    and check the quota for your project at
 *    https://console.developers.google.com/apis/api/sqladmin
 * 2. This sample uses Application Default Credentials for authentication.
 *    If not already done, install the gcloud CLI from
 *    https://cloud.google.com/sdk/ and run
 *    `gcloud beta auth application-default login`
 * 3. Install the PHP client library with Composer. Check installation
 *    instructions at https://github.com/google/google-api-php-client.
 */

// Autoload Composer.
require_once __DIR__ . '/vendor/autoload.php';

// Authentication is provided by the `gcloud` tool when running locally
// and by built-in service accounts when running on GAE, GCE, or GKE.
// For more information, see
// https://developers.google.com/identity/protocols/application-default-credentials
$client = new Google_Client();
$client->setApplicationName('Google Cloud Platform Sample');
$client->useApplicationDefaultCredentials();
$client->addScope('https://www.googleapis.com/auth/cloud-platform');

// Construct the SQLAdmin service object for interacting with the API.
$service = new Google_Service_SQLAdmin($client);


// TODO: Change placeholders below to desired parameter values for the `delete` method:

// * Project ID of the project that contains the instance.
$project = '';

// * Database instance ID. This does not include the project ID.
$instance = '';

// * Name of the database to be deleted in the instance.
$database = '';


$response = $service->databases->delete($project, $instance, $database);

// TODO: Change code below to process the `$response` object:
echo '<pre>', var_export($response, true), '</pre>', "\n";
<?php
/*
 * BEFORE RUNNING:
 * ---------------
 * 1. If not already done, enable the Cloud SQL Administration API
 *    and check the quota for your project at
 *    https://console.developers.google.com/apis/api/sqladmin
 * 2. This sample uses Application Default Credentials for authentication.
 *    If not already done, install the gcloud CLI from
 *    https://cloud.google.com/sdk/ and run
 *    `gcloud beta auth application-default login`
 * 3. Install the PHP client library with Composer. Check installation
 *    instructions at https://github.com/google/google-api-php-client.
 */

// Autoload Composer.
require_once __DIR__ . '/vendor/autoload.php';

// Authentication is provided by the `gcloud` tool when running locally
// and by built-in service accounts when running on GAE, GCE, or GKE.
// For more information, see
// https://developers.google.com/identity/protocols/application-default-credentials
$client = new Google_Client();
$client->setApplicationName('Google Cloud Platform Sample');
$client->useApplicationDefaultCredentials();
$client->addScope('https://www.googleapis.com/auth/cloud-platform');

// Construct the SQLAdmin service object for interacting with the API.
$service = new Google_Service_SQLAdmin($client);


// TODO: Change placeholders below to desired parameter values for the `get` method:

// * Project ID of the project that contains the instance.
$project = '';

// * Database instance ID. This does not include the project ID.
$instance = '';

// * Name of the database in the instance.
$database = '';


$response = $service->databases->get($project, $instance, $database);

// TODO: Change code below to process the `$response` object:
echo '<pre>', var_export($response, true), '</pre>', "\n";
<?php
/*
 * BEFORE RUNNING:
 * ---------------
 * 1. If not already done, enable the Cloud SQL Administration API
 *    and check the quota for your project at
 *    https://console.developers.google.com/apis/api/sqladmin
 * 2. This sample uses Application Default Credentials for authentication.
 *    If not already done, install the gcloud CLI from
 *    https://cloud.google.com/sdk/ and run
 *    `gcloud beta auth application-default login`
 * 3. Install the PHP client library with Composer. Check installation
 *    instructions at https://github.com/google/google-api-php-client.
 */

// Autoload Composer.
require_once __DIR__ . '/vendor/autoload.php';

// Authentication is provided by the `gcloud` tool when running locally
// and by built-in service accounts when running on GAE, GCE, or GKE.
// For more information, see
// https://developers.google.com/identity/protocols/application-default-credentials
$client = new Google_Client();
$client->setApplicationName('Google Cloud Platform Sample');
$client->useApplicationDefaultCredentials();
$client->addScope('https://www.googleapis.com/auth/cloud-platform');

// Construct the SQLAdmin service object for interacting with the API.
$service = new Google_Service_SQLAdmin($client);


// TODO: Change placeholders below to desired parameter values for the `insert` method:

// * Project ID of the project that contains the instance.
$project = '';

// * Database instance ID. This does not include the project ID.
$instance = '';


$Google_Service_SQLAdmin_DatabaseBody = new Google_Service_SQLAdmin_Database($client);
// TODO: Assign values to desired properties of the `$Google_Service_SQLAdmin_DatabaseBody` object.


$response = $service->databases->insert($project, $instance, $Google_Service_SQLAdmin_DatabaseBody);

// TODO: Change code below to process the `$response` object:
echo '<pre>', var_export($response, true), '</pre>', "\n";
<?php
/*
 * BEFORE RUNNING:
 * ---------------
 * 1. If not already done, enable the Cloud SQL Administration API
 *    and check the quota for your project at
 *    https://console.developers.google.com/apis/api/sqladmin
 * 2. This sample uses Application Default Credentials for authentication.
 *    If not already done, install the gcloud CLI from
 *    https://cloud.google.com/sdk/ and run
 *    `gcloud beta auth application-default login`
 * 3. Install the PHP client library with Composer. Check installation
 *    instructions at https://github.com/google/google-api-php-client.
 */

// Autoload Composer.
require_once __DIR__ . '/vendor/autoload.php';

// Authentication is provided by the `gcloud` tool when running locally
// and by built-in service accounts when running on GAE, GCE, or GKE.
// For more information, see
// https://developers.google.com/identity/protocols/application-default-credentials
$client = new Google_Client();
$client->setApplicationName('Google Cloud Platform Sample');
$client->useApplicationDefaultCredentials();
$client->addScope('https://www.googleapis.com/auth/cloud-platform');

// Construct the SQLAdmin service object for interacting with the API.
$service = new Google_Service_SQLAdmin($client);


// TODO: Change placeholders below to desired parameter values for the `listDatabases` method:

// * Project ID of the project for which to list Cloud SQL instances.
$project = '';

// * Cloud SQL instance ID. This does not include the project ID.
$instance = '';


$response = $service->databases->listDatabases($project, $instance);

// TODO: Change code below to process the `$response` object:
echo '<pre>', var_export($response, true), '</pre>', "\n";
<?php
/*
 * BEFORE RUNNING:
 * ---------------
 * 1. If not already done, enable the Cloud SQL Administration API
 *    and check the quota for your project at
 *    https://console.developers.google.com/apis/api/sqladmin
 * 2. This sample uses Application Default Credentials for authentication.
 *    If not already done, install the gcloud CLI from
 *    https://cloud.google.com/sdk/ and run
 *    `gcloud beta auth application-default login`
 * 3. Install the PHP client library with Composer. Check installation
 *    instructions at https://github.com/google/google-api-php-client.
 */

// Autoload Composer.
require_once __DIR__ . '/vendor/autoload.php';

// Authentication is provided by the `gcloud` tool when running locally
// and by built-in service accounts when running on GAE, GCE, or GKE.
// For more information, see
// https://developers.google.com/identity/protocols/application-default-credentials
$client = new Google_Client();
$client->setApplicationName('Google Cloud Platform Sample');
$client->useApplicationDefaultCredentials();
$client->addScope('https://www.googleapis.com/auth/cloud-platform');

// Construct the SQLAdmin service object for interacting with the API.
$service = new Google_Service_SQLAdmin($client);


// TODO: Change placeholders below to desired parameter values for the `patch` method:

// * Project ID of the project that contains the instance.
$project = '';

// * Database instance ID. This does not include the project ID.
$instance = '';

// * Name of the database to be updated in the instance.
$database = '';


$Google_Service_SQLAdmin_DatabaseBody = new Google_Service_SQLAdmin_Database($client);
// TODO: Assign values to desired properties of the `$Google_Service_SQLAdmin_DatabaseBody` object to be changed.


$response = $service->databases->patch($project, $instance, $database, $Google_Service_SQLAdmin_DatabaseBody);

// TODO: Change code below to process the `$response` object:
echo '<pre>', var_export($response, true), '</pre>', "\n";
<?php
/*
 * BEFORE RUNNING:
 * ---------------
 * 1. If not already done, enable the Cloud SQL Administration API
 *    and check the quota for your project at
 *    https://console.developers.google.com/apis/api/sqladmin
 * 2. This sample uses Application Default Credentials for authentication.
 *    If not already done, install the gcloud CLI from
 *    https://cloud.google.com/sdk/ and run
 *    `gcloud beta auth application-default login`
 * 3. Install the PHP client library with Composer. Check installation
 *    instructions at https://github.com/google/google-api-php-client.
 */

// Autoload Composer.
require_once __DIR__ . '/vendor/autoload.php';

// Authentication is provided by the `gcloud` tool when running locally
// and by built-in service accounts when running on GAE, GCE, or GKE.
// For more information, see
// https://developers.google.com/identity/protocols/application-default-credentials
$client = new Google_Client();
$client->setApplicationName('Google Cloud Platform Sample');
$client->useApplicationDefaultCredentials();
$client->addScope('https://www.googleapis.com/auth/cloud-platform');

// Construct the SQLAdmin service object for interacting with the API.
$service = new Google_Service_SQLAdmin($client);


// TODO: Change placeholders below to desired parameter values for the `update` method:

// * Project ID of the project that contains the instance.
$project = '';

// * Database instance ID. This does not include the project ID.
$instance = '';

// * Name of the database to be updated in the instance.
$database = '';


$Google_Service_SQLAdmin_DatabaseBody = new Google_Service_SQLAdmin_Database($client);
// TODO: Assign values to desired properties of the `$Google_Service_SQLAdmin_DatabaseBody` object.


$response = $service->databases->update($project, $instance, $database, $Google_Service_SQLAdmin_DatabaseBody);

// TODO: Change code below to process the `$response` object:
echo '<pre>', var_export($response, true), '</pre>', "\n";
<?php
/*
 * BEFORE RUNNING:
 * ---------------
 * 1. If not already done, enable the Cloud SQL Administration API
 *    and check the quota for your project at
 *    https://console.developers.google.com/apis/api/sqladmin
 * 2. This sample uses Application Default Credentials for authentication.
 *    If not already done, install the gcloud CLI from
 *    https://cloud.google.com/sdk/ and run
 *    `gcloud beta auth application-default login`
 * 3. Install the PHP client library with Composer. Check installation
 *    instructions at https://github.com/google/google-api-php-client.
 */

// Autoload Composer.
require_once __DIR__ . '/vendor/autoload.php';

// Authentication is provided by the `gcloud` tool when running locally
// and by built-in service accounts when running on GAE, GCE, or GKE.
// For more information, see
// https://developers.google.com/identity/protocols/application-default-credentials
$client = new Google_Client();
$client->setApplicationName('Google Cloud Platform Sample');
$client->useApplicationDefaultCredentials();
$client->addScope('https://www.googleapis.com/auth/cloud-platform');

// Construct the SQLAdmin service object for interacting with the API.
$service = new Google_Service_SQLAdmin($client);


$response = $service->flags->listFlags();

// TODO: Change code below to process the `$response` object:
echo '<pre>', var_export($response, true), '</pre>', "\n";
<?php
/*
 * BEFORE RUNNING:
 * ---------------
 * 1. If not already done, enable the Cloud SQL Administration API
 *    and check the quota for your project at
 *    https://console.developers.google.com/apis/api/sqladmin
 * 2. This sample uses Application Default Credentials for authentication.
 *    If not already done, install the gcloud CLI from
 *    https://cloud.google.com/sdk/ and run
 *    `gcloud beta auth application-default login`
 * 3. Install the PHP client library with Composer. Check installation
 *    instructions at https://github.com/google/google-api-php-client.
 */

// Autoload Composer.
require_once __DIR__ . '/vendor/autoload.php';

// Authentication is provided by the `gcloud` tool when running locally
// and by built-in service accounts when running on GAE, GCE, or GKE.
// For more information, see
// https://developers.google.com/identity/protocols/application-default-credentials
$client = new Google_Client();
$client->setApplicationName('Google Cloud Platform Sample');
$client->useApplicationDefaultCredentials();
$client->addScope('https://www.googleapis.com/auth/cloud-platform');

// Construct the SQLAdmin service object for interacting with the API.
$service = new Google_Service_SQLAdmin($client);


// TODO: Change placeholders below to desired parameter values for the `cloneInstances` method:

// * Project ID of the source as well as the clone Cloud SQL instance.
$project = '';

// * The ID of the Cloud SQL instance to be cloned (source). This does not include the project ID.
$instance = '';


$Google_Service_SQLAdmin_InstancesCloneRequestBody = new Google_Service_SQLAdmin_InstancesCloneRequest($client);
// TODO: Assign values to desired properties of the `$Google_Service_SQLAdmin_InstancesCloneRequestBody` object.


$response = $service->instances->cloneInstances($project, $instance, $Google_Service_SQLAdmin_InstancesCloneRequestBody);

// TODO: Change code below to process the `$response` object:
echo '<pre>', var_export($response, true), '</pre>', "\n";
<?php
/*
 * BEFORE RUNNING:
 * ---------------
 * 1. If not already done, enable the Cloud SQL Administration API
 *    and check the quota for your project at
 *    https://console.developers.google.com/apis/api/sqladmin
 * 2. This sample uses Application Default Credentials for authentication.
 *    If not already done, install the gcloud CLI from
 *    https://cloud.google.com/sdk/ and run
 *    `gcloud beta auth application-default login`
 * 3. Install the PHP client library with Composer. Check installation
 *    instructions at https://github.com/google/google-api-php-client.
 */

// Autoload Composer.
require_once __DIR__ . '/vendor/autoload.php';

// Authentication is provided by the `gcloud` tool when running locally
// and by built-in service accounts when running on GAE, GCE, or GKE.
// For more information, see
// https://developers.google.com/identity/protocols/application-default-credentials
$client = new Google_Client();
$client->setApplicationName('Google Cloud Platform Sample');
$client->useApplicationDefaultCredentials();
$client->addScope('https://www.googleapis.com/auth/cloud-platform');

// Construct the SQLAdmin service object for interacting with the API.
$service = new Google_Service_SQLAdmin($client);


// TODO: Change placeholders below to desired parameter values for the `delete` method:

// * Project ID of the project that contains the instance to be deleted.
$project = '';

// * Cloud SQL instance ID. This does not include the project ID.
$instance = '';


$response = $service->instances->delete($project, $instance);

// TODO: Change code below to process the `$response` object:
echo '<pre>', var_export($response, true), '</pre>', "\n";
<?php
/*
 * BEFORE RUNNING:
 * ---------------
 * 1. If not already done, enable the Cloud SQL Administration API
 *    and check the quota for your project at
 *    https://console.developers.google.com/apis/api/sqladmin
 * 2. This sample uses Application Default Credentials for authentication.
 *    If not already done, install the gcloud CLI from
 *    https://cloud.google.com/sdk/ and run
 *    `gcloud beta auth application-default login`
 * 3. Install the PHP client library with Composer. Check installation
 *    instructions at https://github.com/google/google-api-php-client.
 */

// Autoload Composer.
require_once __DIR__ . '/vendor/autoload.php';

// Authentication is provided by the `gcloud` tool when running locally
// and by built-in service accounts when running on GAE, GCE, or GKE.
// For more information, see
// https://developers.google.com/identity/protocols/application-default-credentials
$client = new Google_Client();
$client->setApplicationName('Google Cloud Platform Sample');
$client->useApplicationDefaultCredentials();
$client->addScope('https://www.googleapis.com/auth/cloud-platform');

// Construct the SQLAdmin service object for interacting with the API.
$service = new Google_Service_SQLAdmin($client);


// TODO: Change placeholders below to desired parameter values for the `export` method:

// * Project ID of the project that contains the instance to be exported.
$project = '';

// * Cloud SQL instance ID. This does not include the project ID.
$instance = '';


$Google_Service_SQLAdmin_InstancesExportRequestBody = new Google_Service_SQLAdmin_InstancesExportRequest($client);
// TODO: Assign values to desired properties of the `$Google_Service_SQLAdmin_InstancesExportRequestBody` object.


$response = $service->instances->export($project, $instance, $Google_Service_SQLAdmin_InstancesExportRequestBody);

// TODO: Change code below to process the `$response` object:
echo '<pre>', var_export($response, true), '</pre>', "\n";
<?php
/*
 * BEFORE RUNNING:
 * ---------------
 * 1. If not already done, enable the Cloud SQL Administration API
 *    and check the quota for your project at
 *    https://console.developers.google.com/apis/api/sqladmin
 * 2. This sample uses Application Default Credentials for authentication.
 *    If not already done, install the gcloud CLI from
 *    https://cloud.google.com/sdk/ and run
 *    `gcloud beta auth application-default login`
 * 3. Install the PHP client library with Composer. Check installation
 *    instructions at https://github.com/google/google-api-php-client.
 */

// Autoload Composer.
require_once __DIR__ . '/vendor/autoload.php';

// Authentication is provided by the `gcloud` tool when running locally
// and by built-in service accounts when running on GAE, GCE, or GKE.
// For more information, see
// https://developers.google.com/identity/protocols/application-default-credentials
$client = new Google_Client();
$client->setApplicationName('Google Cloud Platform Sample');
$client->useApplicationDefaultCredentials();
$client->addScope('https://www.googleapis.com/auth/cloud-platform');

// Construct the SQLAdmin service object for interacting with the API.
$service = new Google_Service_SQLAdmin($client);


// TODO: Change placeholders below to desired parameter values for the `failover` method:

// * ID of the project that contains the read replica.
$project = '';

// * Cloud SQL instance ID. This does not include the project ID.
$instance = '';


$Google_Service_SQLAdmin_InstancesFailoverRequestBody = new Google_Service_SQLAdmin_InstancesFailoverRequest($client);
// TODO: Assign values to desired properties of the `$Google_Service_SQLAdmin_InstancesFailoverRequestBody` object.


$response = $service->instances->failover($project, $instance, $Google_Service_SQLAdmin_InstancesFailoverRequestBody);

// TODO: Change code below to process the `$response` object:
echo '<pre>', var_export($response, true), '</pre>', "\n";
<?php
/*
 * BEFORE RUNNING:
 * ---------------
 * 1. If not already done, enable the Cloud SQL Administration API
 *    and check the quota for your project at
 *    https://console.developers.google.com/apis/api/sqladmin
 * 2. This sample uses Application Default Credentials for authentication.
 *    If not already done, install the gcloud CLI from
 *    https://cloud.google.com/sdk/ and run
 *    `gcloud beta auth application-default login`
 * 3. Install the PHP client library with Composer. Check installation
 *    instructions at https://github.com/google/google-api-php-client.
 */

// Autoload Composer.
require_once __DIR__ . '/vendor/autoload.php';

// Authentication is provided by the `gcloud` tool when running locally
// and by built-in service accounts when running on GAE, GCE, or GKE.
// For more information, see
// https://developers.google.com/identity/protocols/application-default-credentials
$client = new Google_Client();
$client->setApplicationName('Google Cloud Platform Sample');
$client->useApplicationDefaultCredentials();
$client->addScope('https://www.googleapis.com/auth/cloud-platform');

// Construct the SQLAdmin service object for interacting with the API.
$service = new Google_Service_SQLAdmin($client);


// TODO: Change placeholders below to desired parameter values for the `get` method:

// * Project ID of the project that contains the instance.
$project = '';

// * Database instance ID. This does not include the project ID.
$instance = '';


$response = $service->instances->get($project, $instance);

// TODO: Change code below to process the `$response` object:
echo '<pre>', var_export($response, true), '</pre>', "\n";
<?php
/*
 * BEFORE RUNNING:
 * ---------------
 * 1. If not already done, enable the Cloud SQL Administration API
 *    and check the quota for your project at
 *    https://console.developers.google.com/apis/api/sqladmin
 * 2. This sample uses Application Default Credentials for authentication.
 *    If not already done, install the gcloud CLI from
 *    https://cloud.google.com/sdk/ and run
 *    `gcloud beta auth application-default login`
 * 3. Install the PHP client library with Composer. Check installation
 *    instructions at https://github.com/google/google-api-php-client.
 */

// Autoload Composer.
require_once __DIR__ . '/vendor/autoload.php';

// Authentication is provided by the `gcloud` tool when running locally
// and by built-in service accounts when running on GAE, GCE, or GKE.
// For more information, see
// https://developers.google.com/identity/protocols/application-default-credentials
$client = new Google_Client();
$client->setApplicationName('Google Cloud Platform Sample');
$client->useApplicationDefaultCredentials();
$client->addScope('https://www.googleapis.com/auth/cloud-platform');

// Construct the SQLAdmin service object for interacting with the API.
$service = new Google_Service_SQLAdmin($client);


// TODO: Change placeholders below to desired parameter values for the `import` method:

// * Project ID of the project that contains the instance.
$project = '';

// * Cloud SQL instance ID. This does not include the project ID.
$instance = '';


$Google_Service_SQLAdmin_InstancesImportRequestBody = new Google_Service_SQLAdmin_InstancesImportRequest($client);
// TODO: Assign values to desired properties of the `$Google_Service_SQLAdmin_InstancesImportRequestBody` object.


$response = $service->instances->import($project, $instance, $Google_Service_SQLAdmin_InstancesImportRequestBody);

// TODO: Change code below to process the `$response` object:
echo '<pre>', var_export($response, true), '</pre>', "\n";
<?php
/*
 * BEFORE RUNNING:
 * ---------------
 * 1. If not already done, enable the Cloud SQL Administration API
 *    and check the quota for your project at
 *    https://console.developers.google.com/apis/api/sqladmin
 * 2. This sample uses Application Default Credentials for authentication.
 *    If not already done, install the gcloud CLI from
 *    https://cloud.google.com/sdk/ and run
 *    `gcloud beta auth application-default login`
 * 3. Install the PHP client library with Composer. Check installation
 *    instructions at https://github.com/google/google-api-php-client.
 */

// Autoload Composer.
require_once __DIR__ . '/vendor/autoload.php';

// Authentication is provided by the `gcloud` tool when running locally
// and by built-in service accounts when running on GAE, GCE, or GKE.
// For more information, see
// https://developers.google.com/identity/protocols/application-default-credentials
$client = new Google_Client();
$client->setApplicationName('Google Cloud Platform Sample');
$client->useApplicationDefaultCredentials();
$client->addScope('https://www.googleapis.com/auth/cloud-platform');

// Construct the SQLAdmin service object for interacting with the API.
$service = new Google_Service_SQLAdmin($client);


// TODO: Change placeholders below to desired parameter values for the `insert` method:

// * Project ID of the project to which the newly created Cloud SQL instances should belong.
$project = '';


$Google_Service_SQLAdmin_DatabaseInstanceBody = new Google_Service_SQLAdmin_DatabaseInstance($client);
// TODO: Assign values to desired properties of the `$Google_Service_SQLAdmin_DatabaseInstanceBody` object.


$response = $service->instances->insert($project, $Google_Service_SQLAdmin_DatabaseInstanceBody);

// TODO: Change code below to process the `$response` object:
echo '<pre>', var_export($response, true), '</pre>', "\n";
<?php
/*
 * BEFORE RUNNING:
 * ---------------
 * 1. If not already done, enable the Cloud SQL Administration API
 *    and check the quota for your project at
 *    https://console.developers.google.com/apis/api/sqladmin
 * 2. This sample uses Application Default Credentials for authentication.
 *    If not already done, install the gcloud CLI from
 *    https://cloud.google.com/sdk/ and run
 *    `gcloud beta auth application-default login`
 * 3. Install the PHP client library with Composer. Check installation
 *    instructions at https://github.com/google/google-api-php-client.
 */

// Autoload Composer.
require_once __DIR__ . '/vendor/autoload.php';

// Authentication is provided by the `gcloud` tool when running locally
// and by built-in service accounts when running on GAE, GCE, or GKE.
// For more information, see
// https://developers.google.com/identity/protocols/application-default-credentials
$client = new Google_Client();
$client->setApplicationName('Google Cloud Platform Sample');
$client->useApplicationDefaultCredentials();
$client->addScope('https://www.googleapis.com/auth/cloud-platform');

// Construct the SQLAdmin service object for interacting with the API.
$service = new Google_Service_SQLAdmin($client);


// TODO: Change placeholders below to desired parameter values for the `listInstances` method:

// * Project ID of the project for which to list Cloud SQL instances.
$project = '';


$optParams = array();
do {
  $response = $service->instances->listInstances($project, $optParams);

  foreach ($response['items'] as $database_instance) {
    // TODO: Change code below to process each `database_instance` resource:
    echo '<pre>', var_export($database_instance, true), '</pre>', "\n";
  }

  $optParams['pageToken'] = $response->getNextPageToken();
} while ($optParams['pageToken']);
<?php
/*
 * BEFORE RUNNING:
 * ---------------
 * 1. If not already done, enable the Cloud SQL Administration API
 *    and check the quota for your project at
 *    https://console.developers.google.com/apis/api/sqladmin
 * 2. This sample uses Application Default Credentials for authentication.
 *    If not already done, install the gcloud CLI from
 *    https://cloud.google.com/sdk/ and run
 *    `gcloud beta auth application-default login`
 * 3. Install the PHP client library with Composer. Check installation
 *    instructions at https://github.com/google/google-api-php-client.
 */

// Autoload Composer.
require_once __DIR__ . '/vendor/autoload.php';

// Authentication is provided by the `gcloud` tool when running locally
// and by built-in service accounts when running on GAE, GCE, or GKE.
// For more information, see
// https://developers.google.com/identity/protocols/application-default-credentials
$client = new Google_Client();
$client->setApplicationName('Google Cloud Platform Sample');
$client->useApplicationDefaultCredentials();
$client->addScope('https://www.googleapis.com/auth/cloud-platform');

// Construct the SQLAdmin service object for interacting with the API.
$service = new Google_Service_SQLAdmin($client);


// TODO: Change placeholders below to desired parameter values for the `patch` method:

// * Project ID of the project that contains the instance.
$project = '';

// * Cloud SQL instance ID. This does not include the project ID.
$instance = '';


$Google_Service_SQLAdmin_DatabaseInstanceBody = new Google_Service_SQLAdmin_DatabaseInstance($client);
// TODO: Assign values to desired properties of the `$Google_Service_SQLAdmin_DatabaseInstanceBody` object to be changed.


$response = $service->instances->patch($project, $instance, $Google_Service_SQLAdmin_DatabaseInstanceBody);

// TODO: Change code below to process the `$response` object:
echo '<pre>', var_export($response, true), '</pre>', "\n";
<?php
/*
 * BEFORE RUNNING:
 * ---------------
 * 1. If not already done, enable the Cloud SQL Administration API
 *    and check the quota for your project at
 *    https://console.developers.google.com/apis/api/sqladmin
 * 2. This sample uses Application Default Credentials for authentication.
 *    If not already done, install the gcloud CLI from
 *    https://cloud.google.com/sdk/ and run
 *    `gcloud beta auth application-default login`
 * 3. Install the PHP client library with Composer. Check installation
 *    instructions at https://github.com/google/google-api-php-client.
 */

// Autoload Composer.
require_once __DIR__ . '/vendor/autoload.php';

// Authentication is provided by the `gcloud` tool when running locally
// and by built-in service accounts when running on GAE, GCE, or GKE.
// For more information, see
// https://developers.google.com/identity/protocols/application-default-credentials
$client = new Google_Client();
$client->setApplicationName('Google Cloud Platform Sample');
$client->useApplicationDefaultCredentials();
$client->addScope('https://www.googleapis.com/auth/cloud-platform');

// Construct the SQLAdmin service object for interacting with the API.
$service = new Google_Service_SQLAdmin($client);


// TODO: Change placeholders below to desired parameter values for the `promoteReplica` method:

// * ID of the project that contains the read replica.
$project = '';

// * Cloud SQL read replica instance name.
$instance = '';


$response = $service->instances->promoteReplica($project, $instance);

// TODO: Change code below to process the `$response` object:
echo '<pre>', var_export($response, true), '</pre>', "\n";
<?php
/*
 * BEFORE RUNNING:
 * ---------------
 * 1. If not already done, enable the Cloud SQL Administration API
 *    and check the quota for your project at
 *    https://console.developers.google.com/apis/api/sqladmin
 * 2. This sample uses Application Default Credentials for authentication.
 *    If not already done, install the gcloud CLI from
 *    https://cloud.google.com/sdk/ and run
 *    `gcloud beta auth application-default login`
 * 3. Install the PHP client library with Composer. Check installation
 *    instructions at https://github.com/google/google-api-php-client.
 */

// Autoload Composer.
require_once __DIR__ . '/vendor/autoload.php';

// Authentication is provided by the `gcloud` tool when running locally
// and by built-in service accounts when running on GAE, GCE, or GKE.
// For more information, see
// https://developers.google.com/identity/protocols/application-default-credentials
$client = new Google_Client();
$client->setApplicationName('Google Cloud Platform Sample');
$client->useApplicationDefaultCredentials();
$client->addScope('https://www.googleapis.com/auth/cloud-platform');

// Construct the SQLAdmin service object for interacting with the API.
$service = new Google_Service_SQLAdmin($client);


// TODO: Change placeholders below to desired parameter values for the `resetSslConfig` method:

// * Project ID of the project that contains the instance.
$project = '';

// * Cloud SQL instance ID. This does not include the project ID.
$instance = '';


$response = $service->instances->resetSslConfig($project, $instance);

// TODO: Change code below to process the `$response` object:
echo '<pre>', var_export($response, true), '</pre>', "\n";
<?php
/*
 * BEFORE RUNNING:
 * ---------------
 * 1. If not already done, enable the Cloud SQL Administration API
 *    and check the quota for your project at
 *    https://console.developers.google.com/apis/api/sqladmin
 * 2. This sample uses Application Default Credentials for authentication.
 *    If not already done, install the gcloud CLI from
 *    https://cloud.google.com/sdk/ and run
 *    `gcloud beta auth application-default login`
 * 3. Install the PHP client library with Composer. Check installation
 *    instructions at https://github.com/google/google-api-php-client.
 */

// Autoload Composer.
require_once __DIR__ . '/vendor/autoload.php';

// Authentication is provided by the `gcloud` tool when running locally
// and by built-in service accounts when running on GAE, GCE, or GKE.
// For more information, see
// https://developers.google.com/identity/protocols/application-default-credentials
$client = new Google_Client();
$client->setApplicationName('Google Cloud Platform Sample');
$client->useApplicationDefaultCredentials();
$client->addScope('https://www.googleapis.com/auth/cloud-platform');

// Construct the SQLAdmin service object for interacting with the API.
$service = new Google_Service_SQLAdmin($client);


// TODO: Change placeholders below to desired parameter values for the `restart` method:

// * Project ID of the project that contains the instance to be restarted.
$project = '';

// * Cloud SQL instance ID. This does not include the project ID.
$instance = '';


$response = $service->instances->restart($project, $instance);

// TODO: Change code below to process the `$response` object:
echo '<pre>', var_export($response, true), '</pre>', "\n";
<?php
/*
 * BEFORE RUNNING:
 * ---------------
 * 1. If not already done, enable the Cloud SQL Administration API
 *    and check the quota for your project at
 *    https://console.developers.google.com/apis/api/sqladmin
 * 2. This sample uses Application Default Credentials for authentication.
 *    If not already done, install the gcloud CLI from
 *    https://cloud.google.com/sdk/ and run
 *    `gcloud beta auth application-default login`
 * 3. Install the PHP client library with Composer. Check installation
 *    instructions at https://github.com/google/google-api-php-client.
 */

// Autoload Composer.
require_once __DIR__ . '/vendor/autoload.php';

// Authentication is provided by the `gcloud` tool when running locally
// and by built-in service accounts when running on GAE, GCE, or GKE.
// For more information, see
// https://developers.google.com/identity/protocols/application-default-credentials
$client = new Google_Client();
$client->setApplicationName('Google Cloud Platform Sample');
$client->useApplicationDefaultCredentials();
$client->addScope('https://www.googleapis.com/auth/cloud-platform');

// Construct the SQLAdmin service object for interacting with the API.
$service = new Google_Service_SQLAdmin($client);


// TODO: Change placeholders below to desired parameter values for the `restoreBackup` method:

// * Project ID of the project that contains the instance.
$project = '';

// * Cloud SQL instance ID. This does not include the project ID.
$instance = '';


$Google_Service_SQLAdmin_InstancesRestoreBackupRequestBody = new Google_Service_SQLAdmin_InstancesRestoreBackupRequest($client);
// TODO: Assign values to desired properties of the `$Google_Service_SQLAdmin_InstancesRestoreBackupRequestBody` object.


$response = $service->instances->restoreBackup($project, $instance, $Google_Service_SQLAdmin_InstancesRestoreBackupRequestBody);

// TODO: Change code below to process the `$response` object:
echo '<pre>', var_export($response, true), '</pre>', "\n";
<?php
/*
 * BEFORE RUNNING:
 * ---------------
 * 1. If not already done, enable the Cloud SQL Administration API
 *    and check the quota for your project at
 *    https://console.developers.google.com/apis/api/sqladmin
 * 2. This sample uses Application Default Credentials for authentication.
 *    If not already done, install the gcloud CLI from
 *    https://cloud.google.com/sdk/ and run
 *    `gcloud beta auth application-default login`
 * 3. Install the PHP client library with Composer. Check installation
 *    instructions at https://github.com/google/google-api-php-client.
 */

// Autoload Composer.
require_once __DIR__ . '/vendor/autoload.php';

// Authentication is provided by the `gcloud` tool when running locally
// and by built-in service accounts when running on GAE, GCE, or GKE.
// For more information, see
// https://developers.google.com/identity/protocols/application-default-credentials
$client = new Google_Client();
$client->setApplicationName('Google Cloud Platform Sample');
$client->useApplicationDefaultCredentials();
$client->addScope('https://www.googleapis.com/auth/cloud-platform');

// Construct the SQLAdmin service object for interacting with the API.
$service = new Google_Service_SQLAdmin($client);


// TODO: Change placeholders below to desired parameter values for the `startReplica` method:

// * ID of the project that contains the read replica.
$project = '';

// * Cloud SQL read replica instance name.
$instance = '';


$response = $service->instances->startReplica($project, $instance);

// TODO: Change code below to process the `$response` object:
echo '<pre>', var_export($response, true), '</pre>', "\n";
<?php
/*
 * BEFORE RUNNING:
 * ---------------
 * 1. If not already done, enable the Cloud SQL Administration API
 *    and check the quota for your project at
 *    https://console.developers.google.com/apis/api/sqladmin
 * 2. This sample uses Application Default Credentials for authentication.
 *    If not already done, install the gcloud CLI from
 *    https://cloud.google.com/sdk/ and run
 *    `gcloud beta auth application-default login`
 * 3. Install the PHP client library with Composer. Check installation
 *    instructions at https://github.com/google/google-api-php-client.
 */

// Autoload Composer.
require_once __DIR__ . '/vendor/autoload.php';

// Authentication is provided by the `gcloud` tool when running locally
// and by built-in service accounts when running on GAE, GCE, or GKE.
// For more information, see
// https://developers.google.com/identity/protocols/application-default-credentials
$client = new Google_Client();
$client->setApplicationName('Google Cloud Platform Sample');
$client->useApplicationDefaultCredentials();
$client->addScope('https://www.googleapis.com/auth/cloud-platform');

// Construct the SQLAdmin service object for interacting with the API.
$service = new Google_Service_SQLAdmin($client);


// TODO: Change placeholders below to desired parameter values for the `stopReplica` method:

// * ID of the project that contains the read replica.
$project = '';

// * Cloud SQL read replica instance name.
$instance = '';


$response = $service->instances->stopReplica($project, $instance);

// TODO: Change code below to process the `$response` object:
echo '<pre>', var_export($response, true), '</pre>', "\n";
<?php
/*
 * BEFORE RUNNING:
 * ---------------
 * 1. If not already done, enable the Cloud SQL Administration API
 *    and check the quota for your project at
 *    https://console.developers.google.com/apis/api/sqladmin
 * 2. This sample uses Application Default Credentials for authentication.
 *    If not already done, install the gcloud CLI from
 *    https://cloud.google.com/sdk/ and run
 *    `gcloud beta auth application-default login`
 * 3. Install the PHP client library with Composer. Check installation
 *    instructions at https://github.com/google/google-api-php-client.
 */

// Autoload Composer.
require_once __DIR__ . '/vendor/autoload.php';

// Authentication is provided by the `gcloud` tool when running locally
// and by built-in service accounts when running on GAE, GCE, or GKE.
// For more information, see
// https://developers.google.com/identity/protocols/application-default-credentials
$client = new Google_Client();
$client->setApplicationName('Google Cloud Platform Sample');
$client->useApplicationDefaultCredentials();
$client->addScope('https://www.googleapis.com/auth/cloud-platform');

// Construct the SQLAdmin service object for interacting with the API.
$service = new Google_Service_SQLAdmin($client);


// TODO: Change placeholders below to desired parameter values for the `update` method:

// * Project ID of the project that contains the instance.
$project = '';

// * Cloud SQL instance ID. This does not include the project ID.
$instance = '';


$Google_Service_SQLAdmin_DatabaseInstanceBody = new Google_Service_SQLAdmin_DatabaseInstance($client);
// TODO: Assign values to desired properties of the `$Google_Service_SQLAdmin_DatabaseInstanceBody` object.


$response = $service->instances->update($project, $instance, $Google_Service_SQLAdmin_DatabaseInstanceBody);

// TODO: Change code below to process the `$response` object:
echo '<pre>', var_export($response, true), '</pre>', "\n";
<?php
/*
 * BEFORE RUNNING:
 * ---------------
 * 1. If not already done, enable the Cloud SQL Administration API
 *    and check the quota for your project at
 *    https://console.developers.google.com/apis/api/sqladmin
 * 2. This sample uses Application Default Credentials for authentication.
 *    If not already done, install the gcloud CLI from
 *    https://cloud.google.com/sdk/ and run
 *    `gcloud beta auth application-default login`
 * 3. Install the PHP client library with Composer. Check installation
 *    instructions at https://github.com/google/google-api-php-client.
 */

// Autoload Composer.
require_once __DIR__ . '/vendor/autoload.php';

// Authentication is provided by the `gcloud` tool when running locally
// and by built-in service accounts when running on GAE, GCE, or GKE.
// For more information, see
// https://developers.google.com/identity/protocols/application-default-credentials
$client = new Google_Client();
$client->setApplicationName('Google Cloud Platform Sample');
$client->useApplicationDefaultCredentials();
$client->addScope('https://www.googleapis.com/auth/cloud-platform');

// Construct the SQLAdmin service object for interacting with the API.
$service = new Google_Service_SQLAdmin($client);


// TODO: Change placeholders below to desired parameter values for the `get` method:

// * Project ID of the project that contains the instance.
$project = '';

// * Instance operation ID.
$operation = '';


$response = $service->operations->get($project, $operation);

// TODO: Change code below to process the `$response` object:
echo '<pre>', var_export($response, true), '</pre>', "\n";
<?php
/*
 * BEFORE RUNNING:
 * ---------------
 * 1. If not already done, enable the Cloud SQL Administration API
 *    and check the quota for your project at
 *    https://console.developers.google.com/apis/api/sqladmin
 * 2. This sample uses Application Default Credentials for authentication.
 *    If not already done, install the gcloud CLI from
 *    https://cloud.google.com/sdk/ and run
 *    `gcloud beta auth application-default login`
 * 3. Install the PHP client library with Composer. Check installation
 *    instructions at https://github.com/google/google-api-php-client.
 */

// Autoload Composer.
require_once __DIR__ . '/vendor/autoload.php';

// Authentication is provided by the `gcloud` tool when running locally
// and by built-in service accounts when running on GAE, GCE, or GKE.
// For more information, see
// https://developers.google.com/identity/protocols/application-default-credentials
$client = new Google_Client();
$client->setApplicationName('Google Cloud Platform Sample');
$client->useApplicationDefaultCredentials();
$client->addScope('https://www.googleapis.com/auth/cloud-platform');

// Construct the SQLAdmin service object for interacting with the API.
$service = new Google_Service_SQLAdmin($client);


// TODO: Change placeholders below to desired parameter values for the `listOperations` method:

// * Project ID of the project that contains the instance.
$project = '';

// * Cloud SQL instance ID. This does not include the project ID.
$instance = '';


$optParams = array();
do {
  $response = $service->operations->listOperations($project, $instance, $optParams);

  foreach ($response['items'] as $operation) {
    // TODO: Change code below to process each `operation` resource:
    echo '<pre>', var_export($operation, true), '</pre>', "\n";
  }

  $optParams['pageToken'] = $response->getNextPageToken();
} while ($optParams['pageToken']);
<?php
/*
 * BEFORE RUNNING:
 * ---------------
 * 1. If not already done, enable the Cloud SQL Administration API
 *    and check the quota for your project at
 *    https://console.developers.google.com/apis/api/sqladmin
 * 2. This sample uses Application Default Credentials for authentication.
 *    If not already done, install the gcloud CLI from
 *    https://cloud.google.com/sdk/ and run
 *    `gcloud beta auth application-default login`
 * 3. Install the PHP client library with Composer. Check installation
 *    instructions at https://github.com/google/google-api-php-client.
 */

// Autoload Composer.
require_once __DIR__ . '/vendor/autoload.php';

// Authentication is provided by the `gcloud` tool when running locally
// and by built-in service accounts when running on GAE, GCE, or GKE.
// For more information, see
// https://developers.google.com/identity/protocols/application-default-credentials
$client = new Google_Client();
$client->setApplicationName('Google Cloud Platform Sample');
$client->useApplicationDefaultCredentials();
$client->addScope('https://www.googleapis.com/auth/cloud-platform');

// Construct the SQLAdmin service object for interacting with the API.
$service = new Google_Service_SQLAdmin($client);


// TODO: Change placeholders below to desired parameter values for the `createEphemeral` method:

// * Project ID of the Cloud SQL project.
$project = '';

// * Cloud SQL instance ID. This does not include the project ID.
$instance = '';


$Google_Service_SQLAdmin_SslCertsCreateEphemeralRequestBody = new Google_Service_SQLAdmin_SslCertsCreateEphemeralRequest($client);
// TODO: Assign values to desired properties of the `$Google_Service_SQLAdmin_SslCertsCreateEphemeralRequestBody` object.


$response = $service->sslCerts->createEphemeral($project, $instance, $Google_Service_SQLAdmin_SslCertsCreateEphemeralRequestBody);

// TODO: Change code below to process the `$response` object:
echo '<pre>', var_export($response, true), '</pre>', "\n";
<?php
/*
 * BEFORE RUNNING:
 * ---------------
 * 1. If not already done, enable the Cloud SQL Administration API
 *    and check the quota for your project at
 *    https://console.developers.google.com/apis/api/sqladmin
 * 2. This sample uses Application Default Credentials for authentication.
 *    If not already done, install the gcloud CLI from
 *    https://cloud.google.com/sdk/ and run
 *    `gcloud beta auth application-default login`
 * 3. Install the PHP client library with Composer. Check installation
 *    instructions at https://github.com/google/google-api-php-client.
 */

// Autoload Composer.
require_once __DIR__ . '/vendor/autoload.php';

// Authentication is provided by the `gcloud` tool when running locally
// and by built-in service accounts when running on GAE, GCE, or GKE.
// For more information, see
// https://developers.google.com/identity/protocols/application-default-credentials
$client = new Google_Client();
$client->setApplicationName('Google Cloud Platform Sample');
$client->useApplicationDefaultCredentials();
$client->addScope('https://www.googleapis.com/auth/cloud-platform');

// Construct the SQLAdmin service object for interacting with the API.
$service = new Google_Service_SQLAdmin($client);


// TODO: Change placeholders below to desired parameter values for the `delete` method:

// * Project ID of the project that contains the instance to be deleted.
$project = '';

// * Cloud SQL instance ID. This does not include the project ID.
$instance = '';

// * Sha1 FingerPrint.
$sha1Fingerprint = '';


$response = $service->sslCerts->delete($project, $instance, $sha1Fingerprint);

// TODO: Change code below to process the `$response` object:
echo '<pre>', var_export($response, true), '</pre>', "\n";
<?php
/*
 * BEFORE RUNNING:
 * ---------------
 * 1. If not already done, enable the Cloud SQL Administration API
 *    and check the quota for your project at
 *    https://console.developers.google.com/apis/api/sqladmin
 * 2. This sample uses Application Default Credentials for authentication.
 *    If not already done, install the gcloud CLI from
 *    https://cloud.google.com/sdk/ and run
 *    `gcloud beta auth application-default login`
 * 3. Install the PHP client library with Composer. Check installation
 *    instructions at https://github.com/google/google-api-php-client.
 */

// Autoload Composer.
require_once __DIR__ . '/vendor/autoload.php';

// Authentication is provided by the `gcloud` tool when running locally
// and by built-in service accounts when running on GAE, GCE, or GKE.
// For more information, see
// https://developers.google.com/identity/protocols/application-default-credentials
$client = new Google_Client();
$client->setApplicationName('Google Cloud Platform Sample');
$client->useApplicationDefaultCredentials();
$client->addScope('https://www.googleapis.com/auth/cloud-platform');

// Construct the SQLAdmin service object for interacting with the API.
$service = new Google_Service_SQLAdmin($client);


// TODO: Change placeholders below to desired parameter values for the `get` method:

// * Project ID of the project that contains the instance.
$project = '';

// * Cloud SQL instance ID. This does not include the project ID.
$instance = '';

// * Sha1 FingerPrint.
$sha1Fingerprint = '';


$response = $service->sslCerts->get($project, $instance, $sha1Fingerprint);

// TODO: Change code below to process the `$response` object:
echo '<pre>', var_export($response, true), '</pre>', "\n";
<?php
/*
 * BEFORE RUNNING:
 * ---------------
 * 1. If not already done, enable the Cloud SQL Administration API
 *    and check the quota for your project at
 *    https://console.developers.google.com/apis/api/sqladmin
 * 2. This sample uses Application Default Credentials for authentication.
 *    If not already done, install the gcloud CLI from
 *    https://cloud.google.com/sdk/ and run
 *    `gcloud beta auth application-default login`
 * 3. Install the PHP client library with Composer. Check installation
 *    instructions at https://github.com/google/google-api-php-client.
 */

// Autoload Composer.
require_once __DIR__ . '/vendor/autoload.php';

// Authentication is provided by the `gcloud` tool when running locally
// and by built-in service accounts when running on GAE, GCE, or GKE.
// For more information, see
// https://developers.google.com/identity/protocols/application-default-credentials
$client = new Google_Client();
$client->setApplicationName('Google Cloud Platform Sample');
$client->useApplicationDefaultCredentials();
$client->addScope('https://www.googleapis.com/auth/cloud-platform');

// Construct the SQLAdmin service object for interacting with the API.
$service = new Google_Service_SQLAdmin($client);


// TODO: Change placeholders below to desired parameter values for the `insert` method:

// * Project ID of the project to which the newly created Cloud SQL instances should belong.
$project = '';

// * Cloud SQL instance ID. This does not include the project ID.
$instance = '';


$Google_Service_SQLAdmin_SslCertsInsertRequestBody = new Google_Service_SQLAdmin_SslCertsInsertRequest($client);
// TODO: Assign values to desired properties of the `$Google_Service_SQLAdmin_SslCertsInsertRequestBody` object.


$response = $service->sslCerts->insert($project, $instance, $Google_Service_SQLAdmin_SslCertsInsertRequestBody);

// TODO: Change code below to process the `$response` object:
echo '<pre>', var_export($response, true), '</pre>', "\n";
<?php
/*
 * BEFORE RUNNING:
 * ---------------
 * 1. If not already done, enable the Cloud SQL Administration API
 *    and check the quota for your project at
 *    https://console.developers.google.com/apis/api/sqladmin
 * 2. This sample uses Application Default Credentials for authentication.
 *    If not already done, install the gcloud CLI from
 *    https://cloud.google.com/sdk/ and run
 *    `gcloud beta auth application-default login`
 * 3. Install the PHP client library with Composer. Check installation
 *    instructions at https://github.com/google/google-api-php-client.
 */

// Autoload Composer.
require_once __DIR__ . '/vendor/autoload.php';

// Authentication is provided by the `gcloud` tool when running locally
// and by built-in service accounts when running on GAE, GCE, or GKE.
// For more information, see
// https://developers.google.com/identity/protocols/application-default-credentials
$client = new Google_Client();
$client->setApplicationName('Google Cloud Platform Sample');
$client->useApplicationDefaultCredentials();
$client->addScope('https://www.googleapis.com/auth/cloud-platform');

// Construct the SQLAdmin service object for interacting with the API.
$service = new Google_Service_SQLAdmin($client);


// TODO: Change placeholders below to desired parameter values for the `listSslCerts` method:

// * Project ID of the project for which to list Cloud SQL instances.
$project = '';

// * Cloud SQL instance ID. This does not include the project ID.
$instance = '';


$response = $service->sslCerts->listSslCerts($project, $instance);

// TODO: Change code below to process the `$response` object:
echo '<pre>', var_export($response, true), '</pre>', "\n";
<?php
/*
 * BEFORE RUNNING:
 * ---------------
 * 1. If not already done, enable the Cloud SQL Administration API
 *    and check the quota for your project at
 *    https://console.developers.google.com/apis/api/sqladmin
 * 2. This sample uses Application Default Credentials for authentication.
 *    If not already done, install the gcloud CLI from
 *    https://cloud.google.com/sdk/ and run
 *    `gcloud beta auth application-default login`
 * 3. Install the PHP client library with Composer. Check installation
 *    instructions at https://github.com/google/google-api-php-client.
 */

// Autoload Composer.
require_once __DIR__ . '/vendor/autoload.php';

// Authentication is provided by the `gcloud` tool when running locally
// and by built-in service accounts when running on GAE, GCE, or GKE.
// For more information, see
// https://developers.google.com/identity/protocols/application-default-credentials
$client = new Google_Client();
$client->setApplicationName('Google Cloud Platform Sample');
$client->useApplicationDefaultCredentials();
$client->addScope('https://www.googleapis.com/auth/cloud-platform');

// Construct the SQLAdmin service object for interacting with the API.
$service = new Google_Service_SQLAdmin($client);


// TODO: Change placeholders below to desired parameter values for the `listTiers` method:

// * Project ID of the project for which to list tiers.
$project = '';


$response = $service->tiers->listTiers($project);

// TODO: Change code below to process the `$response` object:
echo '<pre>', var_export($response, true), '</pre>', "\n";
<?php
/*
 * BEFORE RUNNING:
 * ---------------
 * 1. If not already done, enable the Cloud SQL Administration API
 *    and check the quota for your project at
 *    https://console.developers.google.com/apis/api/sqladmin
 * 2. This sample uses Application Default Credentials for authentication.
 *    If not already done, install the gcloud CLI from
 *    https://cloud.google.com/sdk/ and run
 *    `gcloud beta auth application-default login`
 * 3. Install the PHP client library with Composer. Check installation
 *    instructions at https://github.com/google/google-api-php-client.
 */

// Autoload Composer.
require_once __DIR__ . '/vendor/autoload.php';

// Authentication is provided by the `gcloud` tool when running locally
// and by built-in service accounts when running on GAE, GCE, or GKE.
// For more information, see
// https://developers.google.com/identity/protocols/application-default-credentials
$client = new Google_Client();
$client->setApplicationName('Google Cloud Platform Sample');
$client->useApplicationDefaultCredentials();
$client->addScope('https://www.googleapis.com/auth/cloud-platform');

// Construct the SQLAdmin service object for interacting with the API.
$service = new Google_Service_SQLAdmin($client);


// TODO: Change placeholders below to desired parameter values for the `delete` method:

// * Project ID of the project that contains the instance.
$project = '';

// * Database instance ID. This does not include the project ID.
$instance = '';

// * Host of the user in the instance.
$host = '';

// * Name of the user in the instance.
$name = '';


$response = $service->users->delete($project, $instance, $host, $name);

// TODO: Change code below to process the `$response` object:
echo '<pre>', var_export($response, true), '</pre>', "\n";
<?php
/*
 * BEFORE RUNNING:
 * ---------------
 * 1. If not already done, enable the Cloud SQL Administration API
 *    and check the quota for your project at
 *    https://console.developers.google.com/apis/api/sqladmin
 * 2. This sample uses Application Default Credentials for authentication.
 *    If not already done, install the gcloud CLI from
 *    https://cloud.google.com/sdk/ and run
 *    `gcloud beta auth application-default login`
 * 3. Install the PHP client library with Composer. Check installation
 *    instructions at https://github.com/google/google-api-php-client.
 */

// Autoload Composer.
require_once __DIR__ . '/vendor/autoload.php';

// Authentication is provided by the `gcloud` tool when running locally
// and by built-in service accounts when running on GAE, GCE, or GKE.
// For more information, see
// https://developers.google.com/identity/protocols/application-default-credentials
$client = new Google_Client();
$client->setApplicationName('Google Cloud Platform Sample');
$client->useApplicationDefaultCredentials();
$client->addScope('https://www.googleapis.com/auth/cloud-platform');

// Construct the SQLAdmin service object for interacting with the API.
$service = new Google_Service_SQLAdmin($client);


// TODO: Change placeholders below to desired parameter values for the `insert` method:

// * Project ID of the project that contains the instance.
$project = '';

// * Database instance ID. This does not include the project ID.
$instance = '';


$Google_Service_SQLAdmin_UserBody = new Google_Service_SQLAdmin_User($client);
// TODO: Assign values to desired properties of the `$Google_Service_SQLAdmin_UserBody` object.


$response = $service->users->insert($project, $instance, $Google_Service_SQLAdmin_UserBody);

// TODO: Change code below to process the `$response` object:
echo '<pre>', var_export($response, true), '</pre>', "\n";
<?php
/*
 * BEFORE RUNNING:
 * ---------------
 * 1. If not already done, enable the Cloud SQL Administration API
 *    and check the quota for your project at
 *    https://console.developers.google.com/apis/api/sqladmin
 * 2. This sample uses Application Default Credentials for authentication.
 *    If not already done, install the gcloud CLI from
 *    https://cloud.google.com/sdk/ and run
 *    `gcloud beta auth application-default login`
 * 3. Install the PHP client library with Composer. Check installation
 *    instructions at https://github.com/google/google-api-php-client.
 */

// Autoload Composer.
require_once __DIR__ . '/vendor/autoload.php';

// Authentication is provided by the `gcloud` tool when running locally
// and by built-in service accounts when running on GAE, GCE, or GKE.
// For more information, see
// https://developers.google.com/identity/protocols/application-default-credentials
$client = new Google_Client();
$client->setApplicationName('Google Cloud Platform Sample');
$client->useApplicationDefaultCredentials();
$client->addScope('https://www.googleapis.com/auth/cloud-platform');

// Construct the SQLAdmin service object for interacting with the API.
$service = new Google_Service_SQLAdmin($client);


// TODO: Change placeholders below to desired parameter values for the `listUsers` method:

// * Project ID of the project that contains the instance.
$project = '';

// * Database instance ID. This does not include the project ID.
$instance = '';


$response = $service->users->listUsers($project, $instance);

// TODO: Change code below to process the `$response` object:
echo '<pre>', var_export($response, true), '</pre>', "\n";
<?php
/*
 * BEFORE RUNNING:
 * ---------------
 * 1. If not already done, enable the Cloud SQL Administration API
 *    and check the quota for your project at
 *    https://console.developers.google.com/apis/api/sqladmin
 * 2. This sample uses Application Default Credentials for authentication.
 *    If not already done, install the gcloud CLI from
 *    https://cloud.google.com/sdk/ and run
 *    `gcloud beta auth application-default login`
 * 3. Install the PHP client library with Composer. Check installation
 *    instructions at https://github.com/google/google-api-php-client.
 */

// Autoload Composer.
require_once __DIR__ . '/vendor/autoload.php';

// Authentication is provided by the `gcloud` tool when running locally
// and by built-in service accounts when running on GAE, GCE, or GKE.
// For more information, see
// https://developers.google.com/identity/protocols/application-default-credentials
$client = new Google_Client();
$client->setApplicationName('Google Cloud Platform Sample');
$client->useApplicationDefaultCredentials();
$client->addScope('https://www.googleapis.com/auth/cloud-platform');

// Construct the SQLAdmin service object for interacting with the API.
$service = new Google_Service_SQLAdmin($client);


// TODO: Change placeholders below to desired parameter values for the `update` method:

// * Project ID of the project that contains the instance.
$project = '';

// * Database instance ID. This does not include the project ID.
$instance = '';

// * Host of the user in the instance.
$host = '';

// * Name of the user in the instance.
$name = '';


$Google_Service_SQLAdmin_UserBody = new Google_Service_SQLAdmin_User($client);
// TODO: Assign values to desired properties of the `$Google_Service_SQLAdmin_UserBody` object.


$response = $service->users->update($project, $instance, $host, $name, $Google_Service_SQLAdmin_UserBody);

// TODO: Change code below to process the `$response` object:
echo '<pre>', var_export($response, true), '</pre>', "\n";
