
<?php
/*
 * PRE-REQUISITES:
 * ---------------
 * 1. If not already done, enable the Google App Engine Admin API
 *    and check the quota for your project at
 *    https://console.developers.google.com/apis/api/appengine
 * 2. To install the client library with Composer, check installation instructions at
 *    https://github.com/google/google-api-php-client.
 * 3. This sample uses Application Default Credentials for Auth.
 *    If not already done, install the gcloud CLI from
 *    https://cloud.google.com/sdk/ and run 'gcloud auth application-default login'.
 */

// Autoload Composer.
require_once __DIR__ . '/vendor/autoload.php';

// Create a new client.
$client = new Google_Client();
$client->setApplicationName('Client Sample Application');
$client->useApplicationDefaultCredentials();
$client->addScope('https://www.googleapis.com/auth/cloud-platform');

// Create a new Appengine service.
$service = new Google_Service_Appengine($client);

// * Part of `name`. Name of the application to get. For example: "apps/myapp".
$appsId = '';

$response = $service->apps->get($appsId);

<?php
/*
 * PRE-REQUISITES:
 * ---------------
 * 1. If not already done, enable the Google App Engine Admin API
 *    and check the quota for your project at
 *    https://console.developers.google.com/apis/api/appengine
 * 2. To install the client library with Composer, check installation instructions at
 *    https://github.com/google/google-api-php-client.
 * 3. This sample uses Application Default Credentials for Auth.
 *    If not already done, install the gcloud CLI from
 *    https://cloud.google.com/sdk/ and run 'gcloud auth application-default login'.
 */

// Autoload Composer.
require_once __DIR__ . '/vendor/autoload.php';

// Create a new client.
$client = new Google_Client();
$client->setApplicationName('Client Sample Application');
$client->useApplicationDefaultCredentials();
$client->addScope('https://www.googleapis.com/auth/cloud-platform');

// Create a new Appengine service.
$service = new Google_Service_Appengine($client);

// * Part of `name`. The name of the operation resource.
$appsId = '';

// * Part of `name`. See documentation of `appsId`.
$operationsId = '';

$response = $service->apps_operations->get($appsId, $operationsId);

<?php
/*
 * PRE-REQUISITES:
 * ---------------
 * 1. If not already done, enable the Google App Engine Admin API
 *    and check the quota for your project at
 *    https://console.developers.google.com/apis/api/appengine
 * 2. To install the client library with Composer, check installation instructions at
 *    https://github.com/google/google-api-php-client.
 * 3. This sample uses Application Default Credentials for Auth.
 *    If not already done, install the gcloud CLI from
 *    https://cloud.google.com/sdk/ and run 'gcloud auth application-default login'.
 */

// Autoload Composer.
require_once __DIR__ . '/vendor/autoload.php';

// Create a new client.
$client = new Google_Client();
$client->setApplicationName('Client Sample Application');
$client->useApplicationDefaultCredentials();
$client->addScope('https://www.googleapis.com/auth/cloud-platform');

// Create a new Appengine service.
$service = new Google_Service_Appengine($client);

// * Part of `name`. The name of the operation collection.
$appsId = '';

$response = $service->apps_operations->listAppsOperations($appsId);

foreach ($response['operations'] as $element) {
  // TODO: Add code here to process the element.
}

<?php
/*
 * PRE-REQUISITES:
 * ---------------
 * 1. If not already done, enable the Google App Engine Admin API
 *    and check the quota for your project at
 *    https://console.developers.google.com/apis/api/appengine
 * 2. To install the client library with Composer, check installation instructions at
 *    https://github.com/google/google-api-php-client.
 * 3. This sample uses Application Default Credentials for Auth.
 *    If not already done, install the gcloud CLI from
 *    https://cloud.google.com/sdk/ and run 'gcloud auth application-default login'.
 */

// Autoload Composer.
require_once __DIR__ . '/vendor/autoload.php';

// Create a new client.
$client = new Google_Client();
$client->setApplicationName('Client Sample Application');
$client->useApplicationDefaultCredentials();
$client->addScope('https://www.googleapis.com/auth/cloud-platform');

// Create a new Appengine service.
$service = new Google_Service_Appengine($client);

// * Part of `name`. Name of the resource requested. For example: "apps/myapp/services/default".
$appsId = '';

// * Part of `name`. See documentation of `appsId`.
$servicesId = '';

$response = $service->apps_services->delete($appsId, $servicesId);

<?php
/*
 * PRE-REQUISITES:
 * ---------------
 * 1. If not already done, enable the Google App Engine Admin API
 *    and check the quota for your project at
 *    https://console.developers.google.com/apis/api/appengine
 * 2. To install the client library with Composer, check installation instructions at
 *    https://github.com/google/google-api-php-client.
 * 3. This sample uses Application Default Credentials for Auth.
 *    If not already done, install the gcloud CLI from
 *    https://cloud.google.com/sdk/ and run 'gcloud auth application-default login'.
 */

// Autoload Composer.
require_once __DIR__ . '/vendor/autoload.php';

// Create a new client.
$client = new Google_Client();
$client->setApplicationName('Client Sample Application');
$client->useApplicationDefaultCredentials();
$client->addScope('https://www.googleapis.com/auth/cloud-platform');

// Create a new Appengine service.
$service = new Google_Service_Appengine($client);

// * Part of `name`. Name of the resource requested. For example: "apps/myapp/services/default".
$appsId = '';

// * Part of `name`. See documentation of `appsId`.
$servicesId = '';

$response = $service->apps_services->get($appsId, $servicesId);

<?php
/*
 * PRE-REQUISITES:
 * ---------------
 * 1. If not already done, enable the Google App Engine Admin API
 *    and check the quota for your project at
 *    https://console.developers.google.com/apis/api/appengine
 * 2. To install the client library with Composer, check installation instructions at
 *    https://github.com/google/google-api-php-client.
 * 3. This sample uses Application Default Credentials for Auth.
 *    If not already done, install the gcloud CLI from
 *    https://cloud.google.com/sdk/ and run 'gcloud auth application-default login'.
 */

// Autoload Composer.
require_once __DIR__ . '/vendor/autoload.php';

// Create a new client.
$client = new Google_Client();
$client->setApplicationName('Client Sample Application');
$client->useApplicationDefaultCredentials();
$client->addScope('https://www.googleapis.com/auth/cloud-platform');

// Create a new Appengine service.
$service = new Google_Service_Appengine($client);

// * Part of `name`. Name of the resource requested. For example: "apps/myapp".
$appsId = '';

$response = $service->apps_services->listAppsServices($appsId);

foreach ($response['services'] as $element) {
  // TODO: Add code here to process the element.
}

<?php
/*
 * PRE-REQUISITES:
 * ---------------
 * 1. If not already done, enable the Google App Engine Admin API
 *    and check the quota for your project at
 *    https://console.developers.google.com/apis/api/appengine
 * 2. To install the client library with Composer, check installation instructions at
 *    https://github.com/google/google-api-php-client.
 * 3. This sample uses Application Default Credentials for Auth.
 *    If not already done, install the gcloud CLI from
 *    https://cloud.google.com/sdk/ and run 'gcloud auth application-default login'.
 */

// Autoload Composer.
require_once __DIR__ . '/vendor/autoload.php';

// Create a new client.
$client = new Google_Client();
$client->setApplicationName('Client Sample Application');
$client->useApplicationDefaultCredentials();
$client->addScope('https://www.googleapis.com/auth/cloud-platform');

// Create a new Appengine service.
$service = new Google_Service_Appengine($client);

// * Part of `name`. Name of the resource to update. For example: "apps/myapp/services/default".
$appsId = '';

// * Part of `name`. See documentation of `appsId`.
$servicesId = '';

$postBody = new Google_Service_Appengine_Service($client);

$response = $service->apps_services->patch($appsId, $servicesId, $postBody);

<?php
/*
 * PRE-REQUISITES:
 * ---------------
 * 1. If not already done, enable the Google App Engine Admin API
 *    and check the quota for your project at
 *    https://console.developers.google.com/apis/api/appengine
 * 2. To install the client library with Composer, check installation instructions at
 *    https://github.com/google/google-api-php-client.
 * 3. This sample uses Application Default Credentials for Auth.
 *    If not already done, install the gcloud CLI from
 *    https://cloud.google.com/sdk/ and run 'gcloud auth application-default login'.
 */

// Autoload Composer.
require_once __DIR__ . '/vendor/autoload.php';

// Create a new client.
$client = new Google_Client();
$client->setApplicationName('Client Sample Application');
$client->useApplicationDefaultCredentials();
$client->addScope('https://www.googleapis.com/auth/cloud-platform');

// Create a new Appengine service.
$service = new Google_Service_Appengine($client);

// * Part of `name`. Name of the resource to update. For example: "apps/myapp/services/default".
$appsId = '';

// * Part of `name`. See documentation of `appsId`.
$servicesId = '';

$postBody = new Google_Service_Appengine_Version($client);

$response = $service->apps_services_versions->create($appsId, $servicesId, $postBody);

<?php
/*
 * PRE-REQUISITES:
 * ---------------
 * 1. If not already done, enable the Google App Engine Admin API
 *    and check the quota for your project at
 *    https://console.developers.google.com/apis/api/appengine
 * 2. To install the client library with Composer, check installation instructions at
 *    https://github.com/google/google-api-php-client.
 * 3. This sample uses Application Default Credentials for Auth.
 *    If not already done, install the gcloud CLI from
 *    https://cloud.google.com/sdk/ and run 'gcloud auth application-default login'.
 */

// Autoload Composer.
require_once __DIR__ . '/vendor/autoload.php';

// Create a new client.
$client = new Google_Client();
$client->setApplicationName('Client Sample Application');
$client->useApplicationDefaultCredentials();
$client->addScope('https://www.googleapis.com/auth/cloud-platform');

// Create a new Appengine service.
$service = new Google_Service_Appengine($client);

// * Part of `name`. Name of the resource requested. For example:
//   "apps/myapp/services/default/versions/v1".
$appsId = '';

// * Part of `name`. See documentation of `appsId`.
$servicesId = '';

// * Part of `name`. See documentation of `appsId`.
$versionsId = '';

$response = $service->apps_services_versions->delete($appsId, $servicesId, $versionsId);

<?php
/*
 * PRE-REQUISITES:
 * ---------------
 * 1. If not already done, enable the Google App Engine Admin API
 *    and check the quota for your project at
 *    https://console.developers.google.com/apis/api/appengine
 * 2. To install the client library with Composer, check installation instructions at
 *    https://github.com/google/google-api-php-client.
 * 3. This sample uses Application Default Credentials for Auth.
 *    If not already done, install the gcloud CLI from
 *    https://cloud.google.com/sdk/ and run 'gcloud auth application-default login'.
 */

// Autoload Composer.
require_once __DIR__ . '/vendor/autoload.php';

// Create a new client.
$client = new Google_Client();
$client->setApplicationName('Client Sample Application');
$client->useApplicationDefaultCredentials();
$client->addScope('https://www.googleapis.com/auth/cloud-platform');

// Create a new Appengine service.
$service = new Google_Service_Appengine($client);

// * Part of `name`. Name of the resource requested. For example:
//   "apps/myapp/services/default/versions/v1".
$appsId = '';

// * Part of `name`. See documentation of `appsId`.
$servicesId = '';

// * Part of `name`. See documentation of `appsId`.
$versionsId = '';

$response = $service->apps_services_versions->get($appsId, $servicesId, $versionsId);

<?php
/*
 * PRE-REQUISITES:
 * ---------------
 * 1. If not already done, enable the Google App Engine Admin API
 *    and check the quota for your project at
 *    https://console.developers.google.com/apis/api/appengine
 * 2. To install the client library with Composer, check installation instructions at
 *    https://github.com/google/google-api-php-client.
 * 3. This sample uses Application Default Credentials for Auth.
 *    If not already done, install the gcloud CLI from
 *    https://cloud.google.com/sdk/ and run 'gcloud auth application-default login'.
 */

// Autoload Composer.
require_once __DIR__ . '/vendor/autoload.php';

// Create a new client.
$client = new Google_Client();
$client->setApplicationName('Client Sample Application');
$client->useApplicationDefaultCredentials();
$client->addScope('https://www.googleapis.com/auth/cloud-platform');

// Create a new Appengine service.
$service = new Google_Service_Appengine($client);

// * Part of `name`. Name of the resource requested. For example:
//   "apps/myapp/services/default/versions/v1".
$appsId = '';

// * Part of `name`. See documentation of `appsId`.
$servicesId = '';

// * Part of `name`. See documentation of `appsId`.
$versionsId = '';

$response = $service->apps_services_versions_instances->listAppsServicesVersionsInstances($appsId, $servicesId, $versionsId);

foreach ($response['instances'] as $element) {
  // TODO: Add code here to process the element.
}

<?php
/*
 * PRE-REQUISITES:
 * ---------------
 * 1. If not already done, enable the Google App Engine Admin API
 *    and check the quota for your project at
 *    https://console.developers.google.com/apis/api/appengine
 * 2. To install the client library with Composer, check installation instructions at
 *    https://github.com/google/google-api-php-client.
 * 3. This sample uses Application Default Credentials for Auth.
 *    If not already done, install the gcloud CLI from
 *    https://cloud.google.com/sdk/ and run 'gcloud auth application-default login'.
 */

// Autoload Composer.
require_once __DIR__ . '/vendor/autoload.php';

// Create a new client.
$client = new Google_Client();
$client->setApplicationName('Client Sample Application');
$client->useApplicationDefaultCredentials();
$client->addScope('https://www.googleapis.com/auth/cloud-platform');

// Create a new Appengine service.
$service = new Google_Service_Appengine($client);

// * Part of `name`. Name of the resource requested. For example: "apps/myapp/services/default".
$appsId = '';

// * Part of `name`. See documentation of `appsId`.
$servicesId = '';

$response = $service->apps_services_versions->listAppsServicesVersions($appsId, $servicesId);

foreach ($response['versions'] as $element) {
  // TODO: Add code here to process the element.
}

<?php
/*
 * PRE-REQUISITES:
 * ---------------
 * 1. If not already done, enable the Google App Engine Admin API
 *    and check the quota for your project at
 *    https://console.developers.google.com/apis/api/appengine
 * 2. To install the client library with Composer, check installation instructions at
 *    https://github.com/google/google-api-php-client.
 * 3. This sample uses Application Default Credentials for Auth.
 *    If not already done, install the gcloud CLI from
 *    https://cloud.google.com/sdk/ and run 'gcloud auth application-default login'.
 */

// Autoload Composer.
require_once __DIR__ . '/vendor/autoload.php';

// Create a new client.
$client = new Google_Client();
$client->setApplicationName('Client Sample Application');
$client->useApplicationDefaultCredentials();
$client->addScope('https://www.googleapis.com/auth/cloud-platform');

// Create a new Appengine service.
$service = new Google_Service_Appengine($client);

// * Part of `name`. Name of the resource to update. For example:
//   "apps/myapp/services/default/versions/1".
$appsId = '';

// * Part of `name`. See documentation of `appsId`.
$servicesId = '';

// * Part of `name`. See documentation of `appsId`.
$versionsId = '';

$postBody = new Google_Service_Appengine_Version($client);

$response = $service->apps_services_versions->patch($appsId, $servicesId, $versionsId, $postBody);

