
<html>
  <head></head>
  <body>
    <!--
    BEFORE RUNNING:
    ---------------
    1. If not already done, enable the Cloud Monitoring API
       and check the quota for your project at
       https://console.developers.google.com/apis/api/cloudmonitoring
    2. Get access keys for your application. See
       https://developers.google.com/api-client-library/javascript/start/start-js#get-access-keys-for-your-application
    3. For additional information on authentication, see
       https://foo.com/bar
    -->
    <script>
    function makeApiCall() {
      var params = {
        // The project id. The value can be the numeric project ID or string-based project name.
        project: 'my-project',  // TODO: Update placeholder value.
      };

      var metricDescriptorBody = {
        // TODO: Add desired properties to the request body.
      };

      var request = gapi.client.cloudmonitoring.metricDescriptors.create(params, metricDescriptorBody);
      request.then(function(response) {
        // TODO: Change code below to process the `response` object:
        console.log(response.result);
      }, function(reason) {
        console.error('error: ' + reason.result.error.message);
      });
    }

    function initClient() {
      var API_KEY = '';  // TODO: Update placeholder with desired API key.

      var CLIENT_ID = '';  // TODO: Update placeholder with desired client ID.

      // TODO: Authorize using one of the following scopes:
      //   'https://www.googleapis.com/auth/cloud-platform'
      //   'https://www.googleapis.com/auth/monitoring'
      var SCOPE = '';

      gapi.client.init({
        'apiKey': API_KEY,
        'clientId': CLIENT_ID,
        'scope': SCOPE,
        'discoveryDocs': ['https://www.googleapis.com/discovery/v1/apis/cloudmonitoring/v2beta2/rest'],
      }).then(function() {
        gapi.auth2.getAuthInstance().isSignedIn.listen(updateSignInStatus);
        updateSignInStatus(gapi.auth2.getAuthInstance().isSignedIn.get());
      });
    }

    function handleClientLoad() {
      gapi.load('client:auth2', initClient);
    }

    function updateSignInStatus(isSignedIn) {
      if (isSignedIn) {
        makeApiCall();
      }
    }

    function handleSignInClick(event) {
      gapi.auth2.getAuthInstance().signIn();
    }

    function handleSignOutClick(event) {
      gapi.auth2.getAuthInstance().signOut();
    }
    </script>
    <script async defer src="https://apis.google.com/js/api.js"
      onload="this.onload=function(){};handleClientLoad()"
      onreadystatechange="if (this.readyState === 'complete') this.onload()">
    </script>
    <button id="signin-button" onclick="handleSignInClick()">Sign in</button>
    <button id="signout-button" onclick="handleSignOutClick()">Sign out</button>
  </body>
</html>
<html>
  <head></head>
  <body>
    <!--
    BEFORE RUNNING:
    ---------------
    1. If not already done, enable the Cloud Monitoring API
       and check the quota for your project at
       https://console.developers.google.com/apis/api/cloudmonitoring
    2. Get access keys for your application. See
       https://developers.google.com/api-client-library/javascript/start/start-js#get-access-keys-for-your-application
    3. For additional information on authentication, see
       https://foo.com/bar
    -->
    <script>
    function makeApiCall() {
      var params = {
        // The project ID to which the metric belongs.
        project: 'my-project',  // TODO: Update placeholder value.

        // Name of the metric.
        metric: 'my-metric',  // TODO: Update placeholder value.
      };

      var request = gapi.client.cloudmonitoring.metricDescriptors.delete(params);
      request.then(function(response) {
        // TODO: Change code below to process the `response` object:
        console.log(response.result);
      }, function(reason) {
        console.error('error: ' + reason.result.error.message);
      });
    }

    function initClient() {
      var API_KEY = '';  // TODO: Update placeholder with desired API key.

      var CLIENT_ID = '';  // TODO: Update placeholder with desired client ID.

      // TODO: Authorize using one of the following scopes:
      //   'https://www.googleapis.com/auth/cloud-platform'
      //   'https://www.googleapis.com/auth/monitoring'
      var SCOPE = '';

      gapi.client.init({
        'apiKey': API_KEY,
        'clientId': CLIENT_ID,
        'scope': SCOPE,
        'discoveryDocs': ['https://www.googleapis.com/discovery/v1/apis/cloudmonitoring/v2beta2/rest'],
      }).then(function() {
        gapi.auth2.getAuthInstance().isSignedIn.listen(updateSignInStatus);
        updateSignInStatus(gapi.auth2.getAuthInstance().isSignedIn.get());
      });
    }

    function handleClientLoad() {
      gapi.load('client:auth2', initClient);
    }

    function updateSignInStatus(isSignedIn) {
      if (isSignedIn) {
        makeApiCall();
      }
    }

    function handleSignInClick(event) {
      gapi.auth2.getAuthInstance().signIn();
    }

    function handleSignOutClick(event) {
      gapi.auth2.getAuthInstance().signOut();
    }
    </script>
    <script async defer src="https://apis.google.com/js/api.js"
      onload="this.onload=function(){};handleClientLoad()"
      onreadystatechange="if (this.readyState === 'complete') this.onload()">
    </script>
    <button id="signin-button" onclick="handleSignInClick()">Sign in</button>
    <button id="signout-button" onclick="handleSignOutClick()">Sign out</button>
  </body>
</html>
<html>
  <head></head>
  <body>
    <!--
    BEFORE RUNNING:
    ---------------
    1. If not already done, enable the Cloud Monitoring API
       and check the quota for your project at
       https://console.developers.google.com/apis/api/cloudmonitoring
    2. Get access keys for your application. See
       https://developers.google.com/api-client-library/javascript/start/start-js#get-access-keys-for-your-application
    3. For additional information on authentication, see
       https://foo.com/bar
    -->
    <script>
    function makeApiCall() {
      var params = {
        // The project id. The value can be the numeric project ID or string-based project name.
        project: 'my-project',  // TODO: Update placeholder value.
      };

      var listMetricDescriptorsRequestBody = {
        // TODO: Add desired properties to the request body.
      };

      executeRequest(params, listMetricDescriptorsRequestBody);
    }

    function executeRequest(params, listMetricDescriptorsRequestBody) {
      var request = gapi.client.cloudmonitoring.metricDescriptors.list(params, listMetricDescriptorsRequestBody);
      request.then(function(response) {
        var metricsPage = response.result.metrics;
        for (var i = 0; i < metricsPage.length; i++) {
          // TODO: Change code below to process each resource in `metricsPage`:
          console.log(metricsPage[i]);
        }

        if (response.result.nextPageToken) {
          params.pageToken = response.result.nextPageToken;
          executeRequest(params, listMetricDescriptorsRequestBody);
        }
      }, function(reason) {
        console.error('error: ' + reason.result.error.message);
      });
    }

    function initClient() {
      var API_KEY = '';  // TODO: Update placeholder with desired API key.

      var CLIENT_ID = '';  // TODO: Update placeholder with desired client ID.

      // TODO: Authorize using one of the following scopes:
      //   'https://www.googleapis.com/auth/cloud-platform'
      //   'https://www.googleapis.com/auth/monitoring'
      var SCOPE = '';

      gapi.client.init({
        'apiKey': API_KEY,
        'clientId': CLIENT_ID,
        'scope': SCOPE,
        'discoveryDocs': ['https://www.googleapis.com/discovery/v1/apis/cloudmonitoring/v2beta2/rest'],
      }).then(function() {
        gapi.auth2.getAuthInstance().isSignedIn.listen(updateSignInStatus);
        updateSignInStatus(gapi.auth2.getAuthInstance().isSignedIn.get());
      });
    }

    function handleClientLoad() {
      gapi.load('client:auth2', initClient);
    }

    function updateSignInStatus(isSignedIn) {
      if (isSignedIn) {
        makeApiCall();
      }
    }

    function handleSignInClick(event) {
      gapi.auth2.getAuthInstance().signIn();
    }

    function handleSignOutClick(event) {
      gapi.auth2.getAuthInstance().signOut();
    }
    </script>
    <script async defer src="https://apis.google.com/js/api.js"
      onload="this.onload=function(){};handleClientLoad()"
      onreadystatechange="if (this.readyState === 'complete') this.onload()">
    </script>
    <button id="signin-button" onclick="handleSignInClick()">Sign in</button>
    <button id="signout-button" onclick="handleSignOutClick()">Sign out</button>
  </body>
</html>
<html>
  <head></head>
  <body>
    <!--
    BEFORE RUNNING:
    ---------------
    1. If not already done, enable the Cloud Monitoring API
       and check the quota for your project at
       https://console.developers.google.com/apis/api/cloudmonitoring
    2. Get access keys for your application. See
       https://developers.google.com/api-client-library/javascript/start/start-js#get-access-keys-for-your-application
    3. For additional information on authentication, see
       https://foo.com/bar
    -->
    <script>
    function makeApiCall() {
      var params = {
        // The project ID to which this time series belongs. The value can be the numeric project ID or
        // string-based project name.
        project: 'my-project',  // TODO: Update placeholder value.

        // Metric names are protocol-free URLs as listed in the Supported Metrics page. For example,
        // compute.googleapis.com/instance/disk/read_ops_count.
        metric: 'my-metric',  // TODO: Update placeholder value.

        // End of the time interval (inclusive), which is expressed as an RFC 3339 timestamp.
        youngest: '',  // TODO: Update placeholder value.
      };

      var listTimeseriesRequestBody = {
        // TODO: Add desired properties to the request body.
      };

      executeRequest(params, listTimeseriesRequestBody);
    }

    function executeRequest(params, listTimeseriesRequestBody) {
      var request = gapi.client.cloudmonitoring.timeseries.list(params, listTimeseriesRequestBody);
      request.then(function(response) {
        var timeseriesPage = response.result.timeseries;
        for (var i = 0; i < timeseriesPage.length; i++) {
          // TODO: Change code below to process each resource in `timeseriesPage`:
          console.log(timeseriesPage[i]);
        }

        if (response.result.nextPageToken) {
          params.pageToken = response.result.nextPageToken;
          executeRequest(params, listTimeseriesRequestBody);
        }
      }, function(reason) {
        console.error('error: ' + reason.result.error.message);
      });
    }

    function initClient() {
      var API_KEY = '';  // TODO: Update placeholder with desired API key.

      var CLIENT_ID = '';  // TODO: Update placeholder with desired client ID.

      // TODO: Authorize using one of the following scopes:
      //   'https://www.googleapis.com/auth/cloud-platform'
      //   'https://www.googleapis.com/auth/monitoring'
      var SCOPE = '';

      gapi.client.init({
        'apiKey': API_KEY,
        'clientId': CLIENT_ID,
        'scope': SCOPE,
        'discoveryDocs': ['https://www.googleapis.com/discovery/v1/apis/cloudmonitoring/v2beta2/rest'],
      }).then(function() {
        gapi.auth2.getAuthInstance().isSignedIn.listen(updateSignInStatus);
        updateSignInStatus(gapi.auth2.getAuthInstance().isSignedIn.get());
      });
    }

    function handleClientLoad() {
      gapi.load('client:auth2', initClient);
    }

    function updateSignInStatus(isSignedIn) {
      if (isSignedIn) {
        makeApiCall();
      }
    }

    function handleSignInClick(event) {
      gapi.auth2.getAuthInstance().signIn();
    }

    function handleSignOutClick(event) {
      gapi.auth2.getAuthInstance().signOut();
    }
    </script>
    <script async defer src="https://apis.google.com/js/api.js"
      onload="this.onload=function(){};handleClientLoad()"
      onreadystatechange="if (this.readyState === 'complete') this.onload()">
    </script>
    <button id="signin-button" onclick="handleSignInClick()">Sign in</button>
    <button id="signout-button" onclick="handleSignOutClick()">Sign out</button>
  </body>
</html>
<html>
  <head></head>
  <body>
    <!--
    BEFORE RUNNING:
    ---------------
    1. If not already done, enable the Cloud Monitoring API
       and check the quota for your project at
       https://console.developers.google.com/apis/api/cloudmonitoring
    2. Get access keys for your application. See
       https://developers.google.com/api-client-library/javascript/start/start-js#get-access-keys-for-your-application
    3. For additional information on authentication, see
       https://foo.com/bar
    -->
    <script>
    function makeApiCall() {
      var params = {
        // The project ID. The value can be the numeric project ID or string-based project name.
        project: 'my-project',  // TODO: Update placeholder value.
      };

      var writeTimeseriesRequestBody = {
        // TODO: Add desired properties to the request body.
      };

      var request = gapi.client.cloudmonitoring.timeseries.write(params, writeTimeseriesRequestBody);
      request.then(function(response) {
        // TODO: Change code below to process the `response` object:
        console.log(response.result);
      }, function(reason) {
        console.error('error: ' + reason.result.error.message);
      });
    }

    function initClient() {
      var API_KEY = '';  // TODO: Update placeholder with desired API key.

      var CLIENT_ID = '';  // TODO: Update placeholder with desired client ID.

      // TODO: Authorize using one of the following scopes:
      //   'https://www.googleapis.com/auth/cloud-platform'
      //   'https://www.googleapis.com/auth/monitoring'
      var SCOPE = '';

      gapi.client.init({
        'apiKey': API_KEY,
        'clientId': CLIENT_ID,
        'scope': SCOPE,
        'discoveryDocs': ['https://www.googleapis.com/discovery/v1/apis/cloudmonitoring/v2beta2/rest'],
      }).then(function() {
        gapi.auth2.getAuthInstance().isSignedIn.listen(updateSignInStatus);
        updateSignInStatus(gapi.auth2.getAuthInstance().isSignedIn.get());
      });
    }

    function handleClientLoad() {
      gapi.load('client:auth2', initClient);
    }

    function updateSignInStatus(isSignedIn) {
      if (isSignedIn) {
        makeApiCall();
      }
    }

    function handleSignInClick(event) {
      gapi.auth2.getAuthInstance().signIn();
    }

    function handleSignOutClick(event) {
      gapi.auth2.getAuthInstance().signOut();
    }
    </script>
    <script async defer src="https://apis.google.com/js/api.js"
      onload="this.onload=function(){};handleClientLoad()"
      onreadystatechange="if (this.readyState === 'complete') this.onload()">
    </script>
    <button id="signin-button" onclick="handleSignInClick()">Sign in</button>
    <button id="signout-button" onclick="handleSignOutClick()">Sign out</button>
  </body>
</html>
<html>
  <head></head>
  <body>
    <!--
    BEFORE RUNNING:
    ---------------
    1. If not already done, enable the Cloud Monitoring API
       and check the quota for your project at
       https://console.developers.google.com/apis/api/cloudmonitoring
    2. Get access keys for your application. See
       https://developers.google.com/api-client-library/javascript/start/start-js#get-access-keys-for-your-application
    3. For additional information on authentication, see
       https://foo.com/bar
    -->
    <script>
    function makeApiCall() {
      var params = {
        // The project ID to which this time series belongs. The value can be the numeric project ID or
        // string-based project name.
        project: 'my-project',  // TODO: Update placeholder value.

        // Metric names are protocol-free URLs as listed in the Supported Metrics page. For example,
        // compute.googleapis.com/instance/disk/read_ops_count.
        metric: 'my-metric',  // TODO: Update placeholder value.

        // End of the time interval (inclusive), which is expressed as an RFC 3339 timestamp.
        youngest: '',  // TODO: Update placeholder value.
      };

      var listTimeseriesDescriptorsRequestBody = {
        // TODO: Add desired properties to the request body.
      };

      executeRequest(params, listTimeseriesDescriptorsRequestBody);
    }

    function executeRequest(params, listTimeseriesDescriptorsRequestBody) {
      var request = gapi.client.cloudmonitoring.timeseriesDescriptors.list(params, listTimeseriesDescriptorsRequestBody);
      request.then(function(response) {
        var timeseriesPage = response.result.timeseries;
        for (var i = 0; i < timeseriesPage.length; i++) {
          // TODO: Change code below to process each resource in `timeseriesPage`:
          console.log(timeseriesPage[i]);
        }

        if (response.result.nextPageToken) {
          params.pageToken = response.result.nextPageToken;
          executeRequest(params, listTimeseriesDescriptorsRequestBody);
        }
      }, function(reason) {
        console.error('error: ' + reason.result.error.message);
      });
    }

    function initClient() {
      var API_KEY = '';  // TODO: Update placeholder with desired API key.

      var CLIENT_ID = '';  // TODO: Update placeholder with desired client ID.

      // TODO: Authorize using one of the following scopes:
      //   'https://www.googleapis.com/auth/cloud-platform'
      //   'https://www.googleapis.com/auth/monitoring'
      var SCOPE = '';

      gapi.client.init({
        'apiKey': API_KEY,
        'clientId': CLIENT_ID,
        'scope': SCOPE,
        'discoveryDocs': ['https://www.googleapis.com/discovery/v1/apis/cloudmonitoring/v2beta2/rest'],
      }).then(function() {
        gapi.auth2.getAuthInstance().isSignedIn.listen(updateSignInStatus);
        updateSignInStatus(gapi.auth2.getAuthInstance().isSignedIn.get());
      });
    }

    function handleClientLoad() {
      gapi.load('client:auth2', initClient);
    }

    function updateSignInStatus(isSignedIn) {
      if (isSignedIn) {
        makeApiCall();
      }
    }

    function handleSignInClick(event) {
      gapi.auth2.getAuthInstance().signIn();
    }

    function handleSignOutClick(event) {
      gapi.auth2.getAuthInstance().signOut();
    }
    </script>
    <script async defer src="https://apis.google.com/js/api.js"
      onload="this.onload=function(){};handleClientLoad()"
      onreadystatechange="if (this.readyState === 'complete') this.onload()">
    </script>
    <button id="signin-button" onclick="handleSignInClick()">Sign in</button>
    <button id="signout-button" onclick="handleSignOutClick()">Sign out</button>
  </body>
</html>
