
package main

// BEFORE RUNNING:
// ---------------
// 1. If not already done, enable the Google Cloud Vision API
//    and check the quota for your project at
//    https://console.developers.google.com/apis/api/vision
// 2. This sample uses Application Default Credentials for authentication.
//    If not already done, install the gcloud CLI from
//    https://cloud.google.com/sdk/ and run
//    `gcloud beta auth application-default login`
// 3. Install and update the Go dependencies by running `go get -u` in the
//    project directory.

import (
  "fmt"
  "log"

  "golang.org/x/net/context"
  "golang.org/x/oauth2/google"
  "google.golang.org/api/vision/v1"
)

func main() {
  ctx := context.Background()

  c, err := google.DefaultClient(ctx, vision.CloudPlatformScope)
  if err != nil {
    log.Fatal(err)
  }

  visionService, err := vision.New(c)
  if err != nil {
    log.Fatal(err)
  }

  rb := &vision.BatchAnnotateImagesRequest{
    // TODO: Add desired fields of the request body.
  }

  resp, err := visionService.Images.Annotate(rb).Context(ctx).Do()
  if err != nil {
    log.Fatal(err)
  }

  // TODO: Change code below to process the `resp` object:
  fmt.Printf("%#v\n", resp)
}
