
var google = require('googleapis');
var dataflow = google.dataflow('v1b3');
var GoogleAuth = require('google-auth-library');

(new GoogleAuth).getApplicationDefault(function(err, authClient) {
  if (err === null) {
    if (authClient.createScopedRequired && authClient.createScopedRequired()) {
      var scopes = ['https://www.googleapis.com/auth/cloud-platform'];
      authClient = authClient.createScoped(scopes);
    }

    var request = {
      auth: authClient
    };

    // TODO: Change placeholders below to values for parameters to the 'create' method:

    // * The project which owns the job.
    request.projectId = "";
    request.resource = {};

    dataflow.projects.jobs.create(request, function(error, result) {
      if (error) {
        console.log(error);
      } else {
        console.log(result);
      }
    });
   }
});
var google = require('googleapis');
var dataflow = google.dataflow('v1b3');
var GoogleAuth = require('google-auth-library');

(new GoogleAuth).getApplicationDefault(function(err, authClient) {
  if (err === null) {
    if (authClient.createScopedRequired && authClient.createScopedRequired()) {
      var scopes = ['https://www.googleapis.com/auth/cloud-platform'];
      authClient = authClient.createScoped(scopes);
    }

    var request = {
      auth: authClient
    };

    // TODO: Change placeholders below to values for parameters to the 'get' method:

    // * The project which owns the job.
    request.projectId = "";
    // * Identifies a single job.
    request.jobId = "";

    dataflow.projects.jobs.get(request, function(error, result) {
      if (error) {
        console.log(error);
      } else {
        console.log(result);
      }
    });
   }
});
var google = require('googleapis');
var dataflow = google.dataflow('v1b3');
var GoogleAuth = require('google-auth-library');

(new GoogleAuth).getApplicationDefault(function(err, authClient) {
  if (err === null) {
    if (authClient.createScopedRequired && authClient.createScopedRequired()) {
      var scopes = ['https://www.googleapis.com/auth/cloud-platform'];
      authClient = authClient.createScoped(scopes);
    }

    var request = {
      auth: authClient
    };

    // TODO: Change placeholders below to values for parameters to the 'getMetrics' method:

    // * A project id.
    request.projectId = "";
    // * The job to get messages for.
    request.jobId = "";

    dataflow.projects.jobs.getMetrics(request, function(error, result) {
      if (error) {
        console.log(error);
      } else {
        console.log(result);
      }
    });
   }
});
var google = require('googleapis');
var dataflow = google.dataflow('v1b3');
var GoogleAuth = require('google-auth-library');

(new GoogleAuth).getApplicationDefault(function(err, authClient) {
  if (err === null) {
    if (authClient.createScopedRequired && authClient.createScopedRequired()) {
      var scopes = ['https://www.googleapis.com/auth/cloud-platform'];
      authClient = authClient.createScoped(scopes);
    }

    var request = {
      auth: authClient
    };

    // TODO: Change placeholders below to values for parameters to the 'list' method:

    // * The project which owns the jobs.
    request.projectId = "";


    var recur = function(error, result) {
      if (error) {
        console.log(error);
      } else {
        console.log(result);
        if (result.nextPageToken) {
          request.pageToken = result.nextPageToken;
          dataflow.projects.jobs.list(request, recur);
        }
      }
    };

    dataflow.projects.jobs.list(request, recur);
   }
});
var google = require('googleapis');
var dataflow = google.dataflow('v1b3');
var GoogleAuth = require('google-auth-library');

(new GoogleAuth).getApplicationDefault(function(err, authClient) {
  if (err === null) {
    if (authClient.createScopedRequired && authClient.createScopedRequired()) {
      var scopes = ['https://www.googleapis.com/auth/cloud-platform'];
      authClient = authClient.createScoped(scopes);
    }

    var request = {
      auth: authClient
    };

    // TODO: Change placeholders below to values for parameters to the 'list' method:

    // * A project id.
    request.projectId = "";
    // * The job to get messages about.
    request.jobId = "";


    var recur = function(error, result) {
      if (error) {
        console.log(error);
      } else {
        console.log(result);
        if (result.nextPageToken) {
          request.pageToken = result.nextPageToken;
          dataflow.projects.jobs.messages.list(request, recur);
        }
      }
    };

    dataflow.projects.jobs.messages.list(request, recur);
   }
});
var google = require('googleapis');
var dataflow = google.dataflow('v1b3');
var GoogleAuth = require('google-auth-library');

(new GoogleAuth).getApplicationDefault(function(err, authClient) {
  if (err === null) {
    if (authClient.createScopedRequired && authClient.createScopedRequired()) {
      var scopes = ['https://www.googleapis.com/auth/cloud-platform'];
      authClient = authClient.createScoped(scopes);
    }

    var request = {
      auth: authClient
    };

    // TODO: Change placeholders below to values for parameters to the 'update' method:

    // * The project which owns the job.
    request.projectId = "";
    // * Identifies a single job.
    request.jobId = "";
    request.resource = {};

    dataflow.projects.jobs.update(request, function(error, result) {
      if (error) {
        console.log(error);
      } else {
        console.log(result);
      }
    });
   }
});
var google = require('googleapis');
var dataflow = google.dataflow('v1b3');
var GoogleAuth = require('google-auth-library');

(new GoogleAuth).getApplicationDefault(function(err, authClient) {
  if (err === null) {
    if (authClient.createScopedRequired && authClient.createScopedRequired()) {
      var scopes = ['https://www.googleapis.com/auth/cloud-platform'];
      authClient = authClient.createScoped(scopes);
    }

    var request = {
      auth: authClient
    };

    // TODO: Change placeholders below to values for parameters to the 'lease' method:

    // * Identifies the project this worker belongs to.
    request.projectId = "";
    // * Identifies the workflow job this worker belongs to.
    request.jobId = "";
    request.resource = {};

    dataflow.projects.jobs.workItems.lease(request, function(error, result) {
      if (error) {
        console.log(error);
      } else {
        console.log(result);
      }
    });
   }
});
var google = require('googleapis');
var dataflow = google.dataflow('v1b3');
var GoogleAuth = require('google-auth-library');

(new GoogleAuth).getApplicationDefault(function(err, authClient) {
  if (err === null) {
    if (authClient.createScopedRequired && authClient.createScopedRequired()) {
      var scopes = ['https://www.googleapis.com/auth/cloud-platform'];
      authClient = authClient.createScoped(scopes);
    }

    var request = {
      auth: authClient
    };

    // TODO: Change placeholders below to values for parameters to the 'reportStatus' method:

    // * The project which owns the WorkItem's job.
    request.projectId = "";
    // * The job which the WorkItem is part of.
    request.jobId = "";
    request.resource = {};

    dataflow.projects.jobs.workItems.reportStatus(request, function(error, result) {
      if (error) {
        console.log(error);
      } else {
        console.log(result);
      }
    });
   }
});
var google = require('googleapis');
var dataflow = google.dataflow('v1b3');
var GoogleAuth = require('google-auth-library');

(new GoogleAuth).getApplicationDefault(function(err, authClient) {
  if (err === null) {
    if (authClient.createScopedRequired && authClient.createScopedRequired()) {
      var scopes = ['https://www.googleapis.com/auth/cloud-platform'];
      authClient = authClient.createScoped(scopes);
    }

    var request = {
      auth: authClient
    };

    // TODO: Change placeholders below to values for parameters to the 'workerMessages' method:

    // * The project to send the WorkerMessages to.
    request.projectId = "";
    request.resource = {};

    dataflow.projects.workerMessages(request, function(error, result) {
      if (error) {
        console.log(error);
      } else {
        console.log(result);
      }
    });
   }
});
